Archive member included to satisfy reference by file (symbol)

/mnt/c/os/toolchain/i686-elf/bin/../lib/gcc/i686-elf/11.1.0/libgcc.a(_udivdi3.o)
                              /mnt/c/os/build/kernel/c/stdio.obj (__udivdi3)
/mnt/c/os/toolchain/i686-elf/bin/../lib/gcc/i686-elf/11.1.0/libgcc.a(_umoddi3.o)
                              /mnt/c/os/build/kernel/c/stdio.obj (__umoddi3)

Memory Configuration

Name             Origin             Length             Attributes
*default*        0x0000000000000000 0xffffffffffffffff

Linker script and memory map

LOAD /mnt/c/os/build/kernel/asm/arch/i686/ata.obj
LOAD /mnt/c/os/build/kernel/asm/arch/i686/gdt.obj
LOAD /mnt/c/os/build/kernel/asm/arch/i686/idt.obj
LOAD /mnt/c/os/build/kernel/asm/arch/i686/io.obj
LOAD /mnt/c/os/build/kernel/asm/arch/i686/isr.obj
LOAD /mnt/c/os/build/kernel/asm/arch/i686/rnd.obj
LOAD /mnt/c/os/build/kernel/asm/arch/i686/x86.obj
LOAD /mnt/c/os/build/kernel/c/audio.obj
LOAD /mnt/c/os/build/kernel/c/command.obj
LOAD /mnt/c/os/build/kernel/c/keyboard.obj
LOAD /mnt/c/os/build/kernel/c/kvfs.obj
LOAD /mnt/c/os/build/kernel/c/main.obj
LOAD /mnt/c/os/build/kernel/c/memory.obj
LOAD /mnt/c/os/build/kernel/c/stdio.obj
LOAD /mnt/c/os/build/kernel/c/stdlib.obj
LOAD /mnt/c/os/build/kernel/c/task_scheduler.obj
LOAD /mnt/c/os/build/kernel/c/hal/hal.obj
LOAD /mnt/c/os/build/kernel/c/arch/i686/disk.obj
LOAD /mnt/c/os/build/kernel/c/arch/i686/fat.obj
LOAD /mnt/c/os/build/kernel/c/arch/i686/gdt.obj
LOAD /mnt/c/os/build/kernel/c/arch/i686/idt.obj
LOAD /mnt/c/os/build/kernel/c/arch/i686/io.obj
LOAD /mnt/c/os/build/kernel/c/arch/i686/irq.obj
LOAD /mnt/c/os/build/kernel/c/arch/i686/isr.obj
LOAD /mnt/c/os/build/kernel/c/arch/i686/isrs_gen.obj
LOAD /mnt/c/os/build/kernel/c/arch/i686/memory.obj
LOAD /mnt/c/os/build/kernel/c/arch/i686/pic.obj
LOAD /mnt/c/os/toolchain/i686-elf/bin/../lib/gcc/i686-elf/11.1.0/libgcc.a
                0x0000000000100000                phys = 0x100000
                0x0000000000100000                . = phys

.entry          0x0000000000100000       0xe3
                0x0000000000100000                __entry_start = .
 *(.entry)
 .entry         0x0000000000100000       0xe3 /mnt/c/os/build/kernel/c/main.obj
                0x0000000000100000                start

.text           0x00000000001000f0     0x5c30
                0x00000000001000f0                __text_start = .
 *(.text)
 .text          0x00000000001000f0      0x159 /mnt/c/os/build/kernel/asm/arch/i686/ata.obj
                0x00000000001000f0                ata_chs_read
                0x0000000000100156                ata_lba_read
                0x00000000001001c2                ata_lba_write
                0x0000000000100231                ata_disk_reset
 *fill*         0x0000000000100249        0x7 
 .text          0x0000000000100250       0x25 /mnt/c/os/build/kernel/asm/arch/i686/gdt.obj
                0x0000000000100250                i686_GDT_Load
 *fill*         0x0000000000100275        0xb 
 .text          0x0000000000100280        0xd /mnt/c/os/build/kernel/asm/arch/i686/idt.obj
                0x0000000000100280                i686_IDT_Load
 *fill*         0x000000000010028d        0x3 
 .text          0x0000000000100290       0x2d /mnt/c/os/build/kernel/asm/arch/i686/io.obj
                0x0000000000100290                x86_outb
                0x000000000010029b                x86_inb
                0x00000000001002a4                i686_panic
                0x00000000001002a6                crash_me
                0x00000000001002ae                i686_enable_interrupts
                0x00000000001002b0                i686_disable_interrupts
                0x00000000001002b2                flush_irq
                0x00000000001002b7                start_pic
 *fill*         0x00000000001002bd        0x3 
 .text          0x00000000001002c0      0xa6d /mnt/c/os/build/kernel/asm/arch/i686/isr.obj
                0x00000000001002c0                i686_ISR0
                0x00000000001002c9                i686_ISR1
                0x00000000001002d2                i686_ISR2
                0x00000000001002db                i686_ISR3
                0x00000000001002e4                i686_ISR4
                0x00000000001002ed                i686_ISR5
                0x00000000001002f6                i686_ISR6
                0x00000000001002ff                i686_ISR7
                0x0000000000100308                i686_ISR8
                0x000000000010030f                i686_ISR9
                0x0000000000100318                i686_ISR10
                0x000000000010031f                i686_ISR11
                0x0000000000100326                i686_ISR12
                0x000000000010032d                i686_ISR13
                0x0000000000100334                i686_ISR14
                0x000000000010033b                i686_ISR15
                0x0000000000100344                i686_ISR16
                0x000000000010034d                i686_ISR17
                0x0000000000100354                i686_ISR18
                0x000000000010035d                i686_ISR19
                0x0000000000100366                i686_ISR20
                0x000000000010036f                i686_ISR21
                0x0000000000100376                i686_ISR22
                0x000000000010037f                i686_ISR23
                0x0000000000100388                i686_ISR24
                0x0000000000100391                i686_ISR25
                0x000000000010039a                i686_ISR26
                0x00000000001003a3                i686_ISR27
                0x00000000001003ac                i686_ISR28
                0x00000000001003b5                i686_ISR29
                0x00000000001003be                i686_ISR30
                0x00000000001003c7                i686_ISR31
                0x00000000001003d0                i686_ISR32
                0x00000000001003d9                i686_ISR33
                0x00000000001003e2                i686_ISR34
                0x00000000001003eb                i686_ISR35
                0x00000000001003f4                i686_ISR36
                0x00000000001003fd                i686_ISR37
                0x0000000000100406                i686_ISR38
                0x000000000010040f                i686_ISR39
                0x0000000000100418                i686_ISR40
                0x0000000000100421                i686_ISR41
                0x000000000010042a                i686_ISR42
                0x0000000000100433                i686_ISR43
                0x000000000010043c                i686_ISR44
                0x0000000000100445                i686_ISR45
                0x000000000010044e                i686_ISR46
                0x0000000000100457                i686_ISR47
                0x0000000000100460                i686_ISR48
                0x0000000000100469                i686_ISR49
                0x0000000000100472                i686_ISR50
                0x000000000010047b                i686_ISR51
                0x0000000000100484                i686_ISR52
                0x000000000010048d                i686_ISR53
                0x0000000000100496                i686_ISR54
                0x000000000010049f                i686_ISR55
                0x00000000001004a8                i686_ISR56
                0x00000000001004b1                i686_ISR57
                0x00000000001004ba                i686_ISR58
                0x00000000001004c3                i686_ISR59
                0x00000000001004cc                i686_ISR60
                0x00000000001004d5                i686_ISR61
                0x00000000001004de                i686_ISR62
                0x00000000001004e7                i686_ISR63
                0x00000000001004f0                i686_ISR64
                0x00000000001004f9                i686_ISR65
                0x0000000000100502                i686_ISR66
                0x000000000010050b                i686_ISR67
                0x0000000000100514                i686_ISR68
                0x000000000010051d                i686_ISR69
                0x0000000000100526                i686_ISR70
                0x000000000010052f                i686_ISR71
                0x0000000000100538                i686_ISR72
                0x0000000000100541                i686_ISR73
                0x000000000010054a                i686_ISR74
                0x0000000000100553                i686_ISR75
                0x000000000010055c                i686_ISR76
                0x0000000000100565                i686_ISR77
                0x000000000010056e                i686_ISR78
                0x0000000000100577                i686_ISR79
                0x0000000000100580                i686_ISR80
                0x0000000000100589                i686_ISR81
                0x0000000000100592                i686_ISR82
                0x000000000010059b                i686_ISR83
                0x00000000001005a4                i686_ISR84
                0x00000000001005ad                i686_ISR85
                0x00000000001005b6                i686_ISR86
                0x00000000001005bf                i686_ISR87
                0x00000000001005c8                i686_ISR88
                0x00000000001005d1                i686_ISR89
                0x00000000001005da                i686_ISR90
                0x00000000001005e3                i686_ISR91
                0x00000000001005ec                i686_ISR92
                0x00000000001005f5                i686_ISR93
                0x00000000001005fe                i686_ISR94
                0x0000000000100607                i686_ISR95
                0x0000000000100610                i686_ISR96
                0x0000000000100619                i686_ISR97
                0x0000000000100622                i686_ISR98
                0x000000000010062b                i686_ISR99
                0x0000000000100634                i686_ISR100
                0x000000000010063d                i686_ISR101
                0x0000000000100646                i686_ISR102
                0x000000000010064f                i686_ISR103
                0x0000000000100658                i686_ISR104
                0x0000000000100661                i686_ISR105
                0x000000000010066a                i686_ISR106
                0x0000000000100673                i686_ISR107
                0x000000000010067c                i686_ISR108
                0x0000000000100685                i686_ISR109
                0x000000000010068e                i686_ISR110
                0x0000000000100697                i686_ISR111
                0x00000000001006a0                i686_ISR112
                0x00000000001006a9                i686_ISR113
                0x00000000001006b2                i686_ISR114
                0x00000000001006bb                i686_ISR115
                0x00000000001006c4                i686_ISR116
                0x00000000001006cd                i686_ISR117
                0x00000000001006d6                i686_ISR118
                0x00000000001006df                i686_ISR119
                0x00000000001006e8                i686_ISR120
                0x00000000001006f1                i686_ISR121
                0x00000000001006fa                i686_ISR122
                0x0000000000100703                i686_ISR123
                0x000000000010070c                i686_ISR124
                0x0000000000100715                i686_ISR125
                0x000000000010071e                i686_ISR126
                0x0000000000100727                i686_ISR127
                0x0000000000100730                i686_ISR128
                0x000000000010073c                i686_ISR129
                0x0000000000100748                i686_ISR130
                0x0000000000100754                i686_ISR131
                0x0000000000100760                i686_ISR132
                0x000000000010076c                i686_ISR133
                0x0000000000100778                i686_ISR134
                0x0000000000100784                i686_ISR135
                0x0000000000100790                i686_ISR136
                0x000000000010079c                i686_ISR137
                0x00000000001007a8                i686_ISR138
                0x00000000001007b4                i686_ISR139
                0x00000000001007c0                i686_ISR140
                0x00000000001007cc                i686_ISR141
                0x00000000001007d8                i686_ISR142
                0x00000000001007e4                i686_ISR143
                0x00000000001007f0                i686_ISR144
                0x00000000001007fc                i686_ISR145
                0x0000000000100808                i686_ISR146
                0x0000000000100814                i686_ISR147
                0x0000000000100820                i686_ISR148
                0x000000000010082c                i686_ISR149
                0x0000000000100838                i686_ISR150
                0x0000000000100844                i686_ISR151
                0x0000000000100850                i686_ISR152
                0x000000000010085c                i686_ISR153
                0x0000000000100868                i686_ISR154
                0x0000000000100874                i686_ISR155
                0x0000000000100880                i686_ISR156
                0x000000000010088c                i686_ISR157
                0x0000000000100898                i686_ISR158
                0x00000000001008a4                i686_ISR159
                0x00000000001008b0                i686_ISR160
                0x00000000001008bc                i686_ISR161
                0x00000000001008c8                i686_ISR162
                0x00000000001008d4                i686_ISR163
                0x00000000001008e0                i686_ISR164
                0x00000000001008ec                i686_ISR165
                0x00000000001008f8                i686_ISR166
                0x0000000000100904                i686_ISR167
                0x0000000000100910                i686_ISR168
                0x000000000010091c                i686_ISR169
                0x0000000000100928                i686_ISR170
                0x0000000000100934                i686_ISR171
                0x0000000000100940                i686_ISR172
                0x000000000010094c                i686_ISR173
                0x0000000000100958                i686_ISR174
                0x0000000000100964                i686_ISR175
                0x0000000000100970                i686_ISR176
                0x000000000010097c                i686_ISR177
                0x0000000000100988                i686_ISR178
                0x0000000000100994                i686_ISR179
                0x00000000001009a0                i686_ISR180
                0x00000000001009ac                i686_ISR181
                0x00000000001009b8                i686_ISR182
                0x00000000001009c4                i686_ISR183
                0x00000000001009d0                i686_ISR184
                0x00000000001009dc                i686_ISR185
                0x00000000001009e8                i686_ISR186
                0x00000000001009f4                i686_ISR187
                0x0000000000100a00                i686_ISR188
                0x0000000000100a0c                i686_ISR189
                0x0000000000100a18                i686_ISR190
                0x0000000000100a24                i686_ISR191
                0x0000000000100a30                i686_ISR192
                0x0000000000100a3c                i686_ISR193
                0x0000000000100a48                i686_ISR194
                0x0000000000100a54                i686_ISR195
                0x0000000000100a60                i686_ISR196
                0x0000000000100a6c                i686_ISR197
                0x0000000000100a78                i686_ISR198
                0x0000000000100a84                i686_ISR199
                0x0000000000100a90                i686_ISR200
                0x0000000000100a9c                i686_ISR201
                0x0000000000100aa8                i686_ISR202
                0x0000000000100ab4                i686_ISR203
                0x0000000000100ac0                i686_ISR204
                0x0000000000100acc                i686_ISR205
                0x0000000000100ad8                i686_ISR206
                0x0000000000100ae4                i686_ISR207
                0x0000000000100af0                i686_ISR208
                0x0000000000100afc                i686_ISR209
                0x0000000000100b08                i686_ISR210
                0x0000000000100b14                i686_ISR211
                0x0000000000100b20                i686_ISR212
                0x0000000000100b2c                i686_ISR213
                0x0000000000100b38                i686_ISR214
                0x0000000000100b44                i686_ISR215
                0x0000000000100b50                i686_ISR216
                0x0000000000100b5c                i686_ISR217
                0x0000000000100b68                i686_ISR218
                0x0000000000100b74                i686_ISR219
                0x0000000000100b80                i686_ISR220
                0x0000000000100b8c                i686_ISR221
                0x0000000000100b98                i686_ISR222
                0x0000000000100ba4                i686_ISR223
                0x0000000000100bb0                i686_ISR224
                0x0000000000100bbc                i686_ISR225
                0x0000000000100bc8                i686_ISR226
                0x0000000000100bd4                i686_ISR227
                0x0000000000100be0                i686_ISR228
                0x0000000000100bec                i686_ISR229
                0x0000000000100bf8                i686_ISR230
                0x0000000000100c04                i686_ISR231
                0x0000000000100c10                i686_ISR232
                0x0000000000100c1c                i686_ISR233
                0x0000000000100c28                i686_ISR234
                0x0000000000100c34                i686_ISR235
                0x0000000000100c40                i686_ISR236
                0x0000000000100c4c                i686_ISR237
                0x0000000000100c58                i686_ISR238
                0x0000000000100c64                i686_ISR239
                0x0000000000100c70                i686_ISR240
                0x0000000000100c7c                i686_ISR241
                0x0000000000100c85                i686_ISR242
                0x0000000000100c8e                i686_ISR243
                0x0000000000100c97                i686_ISR244
                0x0000000000100ca0                i686_ISR245
                0x0000000000100ca9                i686_ISR246
                0x0000000000100cb2                i686_ISR247
                0x0000000000100cbb                i686_ISR248
                0x0000000000100cc4                i686_ISR249
                0x0000000000100ccd                i686_ISR250
                0x0000000000100cd6                i686_ISR251
                0x0000000000100cdf                i686_ISR252
                0x0000000000100ce8                i686_ISR253
                0x0000000000100cf1                i686_ISR254
                0x0000000000100cfa                i686_ISR255
 *fill*         0x0000000000100d2d        0x3 
 .text          0x0000000000100d30       0x3b /mnt/c/os/build/kernel/asm/arch/i686/rnd.obj
                0x0000000000100d30                x86_rand2
                0x0000000000100d53                x86_rand
 *fill*         0x0000000000100d6b        0x5 
 .text          0x0000000000100d70      0x19d /mnt/c/os/build/kernel/asm/arch/i686/x86.obj
                0x0000000000100d70                x86dgdp
                0x0000000000100e37                x86dreset
                0x0000000000100e8b                x86dread
 .text          0x0000000000100f0d       0xb8 /mnt/c/os/build/kernel/c/audio.obj
                0x0000000000100f0d                play_sound
                0x0000000000100f97                nosound
 .text          0x0000000000100fc5      0xabc /mnt/c/os/build/kernel/c/command.obj
                0x0000000000100fc5                countto
                0x0000000000100fe7                check_for_beep_cmd
                0x0000000000101001                set_beep_cmd
                0x000000000010102c                clear_global_param_storage
                0x000000000010106f                exec_command
                0x0000000000101598                parse_command
                0x0000000000101727                clear_command
                0x000000000010174f                try_parse_command
                0x0000000000101846                register_command
                0x00000000001018b6                register_commands
 .text          0x0000000000101a81      0x289 /mnt/c/os/build/kernel/c/keyboard.obj
                0x0000000000101a81                keystroke_reg
                0x0000000000101cbd                init_keyboard
                0x0000000000101cfc                change_language
 .text          0x0000000000101d0a      0x221 /mnt/c/os/build/kernel/c/kvfs.obj
                0x0000000000101d0a                copyToFile
                0x0000000000101d9c                a
                0x0000000000101da6                readFromBoot
                0x0000000000101e24                getFileContents
                0x0000000000101ea4                printRoot
 .text          0x0000000000101f2b       0xe2 /mnt/c/os/build/kernel/c/main.obj
                0x0000000000101f2b                timer_beep
                0x0000000000101f67                timer
 .text          0x000000000010200d       0x43 /mnt/c/os/build/kernel/c/memory.obj
                0x000000000010200d                memset
 .text          0x0000000000102050      0xa32 /mnt/c/os/build/kernel/c/stdio.obj
                0x0000000000102050                enable_free_mode
                0x0000000000102068                set_global_color
                0x0000000000102080                putcolor
                0x00000000001020b2                putchr
                0x0000000000102105                getchr
                0x0000000000102127                getcolor
                0x000000000010214c                setcursor
                0x00000000001021bd                move_cursor
                0x0000000000102258                clrscr
                0x00000000001022e6                getcursor
                0x0000000000102302                scrollback
                0x00000000001023f0                putc
                0x0000000000102588                puts
                0x00000000001025b7                printf_unsigned
                0x0000000000102670                printf_signed
                0x00000000001026cd                printf
                0x00000000001029e9                print_buffer
 .text          0x0000000000102a82      0x499 /mnt/c/os/build/kernel/c/stdlib.obj
                0x0000000000102a82                seeded_rand
                0x0000000000102aa9                set_rand
                0x0000000000102abe                rand_UNSTABLE
                0x0000000000102afc                is_computer_on
                0x0000000000102b06                u_malloc
                0x0000000000102b93                k_malloc
                0x0000000000102c7e                k_free
                0x0000000000102cac                fill_color_rect
                0x0000000000102d0c                display_startup
                0x0000000000102dd6                display_motd
                0x0000000000102e4f                gen_hunglish
 .text          0x0000000000102f1b      0x2b3 /mnt/c/os/build/kernel/c/task_scheduler.obj
                0x0000000000102f1b                persistent_prc
                0x0000000000102f25                create_process
                0x0000000000103026                kill_process
                0x0000000000103091                kill_persistent
                0x00000000001030e7                check_process
                0x000000000010312c                init_task_scheduler
                0x000000000010315a                run_scheduler_loop
 .text          0x00000000001031ce       0x1d /mnt/c/os/build/kernel/c/hal/hal.obj
                0x00000000001031ce                HAL_init
 .text          0x00000000001031eb      0x1b9 /mnt/c/os/build/kernel/c/arch/i686/disk.obj
                0x00000000001031eb                disk_initialize
                0x000000000010326b                disk_lba2chs
                0x00000000001032f8                disk_read_sectors
 .text          0x00000000001033a4      0xbdb /mnt/c/os/build/kernel/c/arch/i686/fat.obj
                0x00000000001033a4                strchr
                0x00000000001033e2                strcpy
                0x0000000000103434                strlen
                0x000000000010345a                min
                0x000000000010346f                islower
                0x0000000000103498                toupper
                0x00000000001034c4                memcpy
                0x0000000000103516                memcmp
                0x0000000000103576                FAT_ReadBootSector
                0x0000000000103593                FAT_ReadFat
                0x00000000001035c7                FAT_Initialize
                0x00000000001037fb                FAT_ClusterToLba
                0x000000000010381c                FAT_OpenEntry
                0x00000000001039e4                FAT_NextCluster
                0x0000000000103a31                FAT_Read
                0x0000000000103c6f                FAT_ReadEntry
                0x0000000000103c90                FAT_Close
                0x0000000000103cde                FAT_FindFile
                0x0000000000103e3e                FAT_Open
 .text          0x0000000000103f7f       0x1d /mnt/c/os/build/kernel/c/arch/i686/gdt.obj
                0x0000000000103f7f                i686_GDT_Initialize
 .text          0x0000000000103f9c       0xbc /mnt/c/os/build/kernel/c/arch/i686/idt.obj
                0x0000000000103f9c                i686_IDT_SetGate
                0x0000000000103fff                i686_IDT_EnableGate
                0x000000000010401f                i686_IDT_DisableGate
                0x000000000010403f                i686_IDT_Init
 .text          0x0000000000104058       0x1b /mnt/c/os/build/kernel/c/arch/i686/io.obj
                0x0000000000104058                i686_io_wait
 .text          0x0000000000104073       0xd1 /mnt/c/os/build/kernel/c/arch/i686/irq.obj
                0x0000000000104073                i686_IRQ_handler
                0x00000000001040ea                i686_IRQ_reg_handlers
                0x00000000001040fd                i686_IRQ_Init
 .text          0x0000000000104144      0x1ac /mnt/c/os/build/kernel/c/arch/i686/isr.obj
                0x0000000000104144                i686_ISR_Init
                0x0000000000104177                throw_error
                0x0000000000104266                i686_ISR_Handler
                0x00000000001042cc                i686_ISR_RegisterHandler
 .text          0x00000000001042f0     0x1489 /mnt/c/os/build/kernel/c/arch/i686/isrs_gen.obj
                0x00000000001042f0                i686_ISR_InitializeGates
 .text          0x0000000000105779        0x0 /mnt/c/os/build/kernel/c/arch/i686/memory.obj
 .text          0x0000000000105779      0x322 /mnt/c/os/build/kernel/c/arch/i686/pic.obj
                0x0000000000105779                i686_PIC_Conf
                0x000000000010586b                i686_PIC_mask
                0x00000000001058f4                i686_PIC_un_mask
                0x0000000000105981                i686_PIC_disable
                0x00000000001059bb                i686_PIC_send_eoi
                0x00000000001059eb                i686_PIC_read_irq
                0x0000000000105a43                i686_PIC_read_in_service
 *fill*         0x0000000000105a9b        0x5 
 .text          0x0000000000105aa0      0x12a /mnt/c/os/toolchain/i686-elf/bin/../lib/gcc/i686-elf/11.1.0/libgcc.a(_udivdi3.o)
                0x0000000000105aa0                __udivdi3
 *fill*         0x0000000000105bca        0x6 
 .text          0x0000000000105bd0      0x150 /mnt/c/os/toolchain/i686-elf/bin/../lib/gcc/i686-elf/11.1.0/libgcc.a(_umoddi3.o)
                0x0000000000105bd0                __umoddi3

.data           0x0000000000105d20      0x166
                0x0000000000105d20                __data_start = .
 *(.data)
 .data          0x0000000000105d20        0x0 /mnt/c/os/build/kernel/c/audio.obj
 .data          0x0000000000105d20       0x50 /mnt/c/os/build/kernel/c/command.obj
                0x0000000000105d20                cur_command
 .data          0x0000000000105d70       0x10 /mnt/c/os/build/kernel/c/keyboard.obj
                0x0000000000105d70                lang_labels
 .data          0x0000000000105d80        0x0 /mnt/c/os/build/kernel/c/kvfs.obj
 .data          0x0000000000105d80        0x0 /mnt/c/os/build/kernel/c/main.obj
 .data          0x0000000000105d80        0x0 /mnt/c/os/build/kernel/c/memory.obj
 .data          0x0000000000105d80        0x4 /mnt/c/os/build/kernel/c/stdio.obj
                0x0000000000105d80                global_screen_buffer
 *fill*         0x0000000000105d84       0x1c 
 .data          0x0000000000105da0       0xc0 /mnt/c/os/build/kernel/c/stdlib.obj
                0x0000000000105da4                rnd_unsafe
                0x0000000000105dac                motds
                0x0000000000105dc0                hu_weaks
                0x0000000000105e00                hu_strongs
                0x0000000000105e40                hu_abts
 .data          0x0000000000105e60        0x0 /mnt/c/os/build/kernel/c/task_scheduler.obj
 .data          0x0000000000105e60        0x0 /mnt/c/os/build/kernel/c/hal/hal.obj
 .data          0x0000000000105e60        0x0 /mnt/c/os/build/kernel/c/arch/i686/disk.obj
 .data          0x0000000000105e60        0x0 /mnt/c/os/build/kernel/c/arch/i686/fat.obj
 .data          0x0000000000105e60       0x1e /mnt/c/os/build/kernel/c/arch/i686/gdt.obj
                0x0000000000105e60                global_GDT
                0x0000000000105e78                global_descriptor
 *fill*         0x0000000000105e7e        0x2 
 .data          0x0000000000105e80        0x6 /mnt/c/os/build/kernel/c/arch/i686/idt.obj
                0x0000000000105e80                global_idt_desc
 .data          0x0000000000105e86        0x0 /mnt/c/os/build/kernel/c/arch/i686/io.obj
 .data          0x0000000000105e86        0x0 /mnt/c/os/build/kernel/c/arch/i686/irq.obj
 .data          0x0000000000105e86        0x0 /mnt/c/os/build/kernel/c/arch/i686/isr.obj
 .data          0x0000000000105e86        0x0 /mnt/c/os/build/kernel/c/arch/i686/isrs_gen.obj
 .data          0x0000000000105e86        0x0 /mnt/c/os/build/kernel/c/arch/i686/memory.obj
 .data          0x0000000000105e86        0x0 /mnt/c/os/build/kernel/c/arch/i686/pic.obj
 .data          0x0000000000105e86        0x0 /mnt/c/os/toolchain/i686-elf/bin/../lib/gcc/i686-elf/11.1.0/libgcc.a(_udivdi3.o)
 .data          0x0000000000105e86        0x0 /mnt/c/os/toolchain/i686-elf/bin/../lib/gcc/i686-elf/11.1.0/libgcc.a(_umoddi3.o)

.rodata         0x0000000000105ea0     0x137c
                0x0000000000105ea0                __rodata_start = .
 *(.rodata)
 .rodata        0x0000000000105ea0      0x648 /mnt/c/os/build/kernel/c/command.obj
 *fill*         0x00000000001064e8       0x18 
 .rodata        0x0000000000106500      0x2a0 /mnt/c/os/build/kernel/c/keyboard.obj
                0x0000000000106520                kbdus_EN
                0x00000000001065a0                kbdus_DE
                0x0000000000106620                kbdus_HU
                0x00000000001066a0                kbdus_FR
 .rodata        0x00000000001067a0       0x87 /mnt/c/os/build/kernel/c/main.obj
 *fill*         0x0000000000106827        0x1 
 .rodata        0x0000000000106828       0xd2 /mnt/c/os/build/kernel/c/stdio.obj
                0x0000000000106828                SCREEN_WIDTH
                0x000000000010682c                SCREEN_HEIGHT
                0x0000000000106830                DEFAULT_COLOR
                0x0000000000106834                hex_chars
 *fill*         0x00000000001068fa        0x2 
 .rodata        0x00000000001068fc      0x395 /mnt/c/os/build/kernel/c/stdlib.obj
                0x000000000010692c                motd_amount
 *fill*         0x0000000000106c91        0x3 
 .rodata        0x0000000000106c94       0x3b /mnt/c/os/build/kernel/c/task_scheduler.obj
 *fill*         0x0000000000106ccf        0x1 
 .rodata        0x0000000000106cd0       0x60 /mnt/c/os/build/kernel/c/arch/i686/disk.obj
 .rodata        0x0000000000106d30      0x16b /mnt/c/os/build/kernel/c/arch/i686/fat.obj
 *fill*         0x0000000000106e9b        0x1 
 .rodata        0x0000000000106e9c       0x25 /mnt/c/os/build/kernel/c/arch/i686/irq.obj
 *fill*         0x0000000000106ec1       0x1f 
 .rodata        0x0000000000106ee0      0x33c /mnt/c/os/build/kernel/c/arch/i686/isr.obj

.eh_frame       0x000000000010721c       0xd8
 .eh_frame      0x000000000010721c       0x64 /mnt/c/os/toolchain/i686-elf/bin/../lib/gcc/i686-elf/11.1.0/libgcc.a(_udivdi3.o)
 .eh_frame      0x0000000000107280       0x74 /mnt/c/os/toolchain/i686-elf/bin/../lib/gcc/i686-elf/11.1.0/libgcc.a(_umoddi3.o)

.bss            0x0000000000107300     0x746c
                0x0000000000107300                __bss_start = .
 *(.bss)
 .bss           0x0000000000107300        0x0 /mnt/c/os/build/kernel/c/audio.obj
 .bss           0x0000000000107300     0x27f4 /mnt/c/os/build/kernel/c/command.obj
                0x0000000000107300                global_count_id
                0x0000000000107304                cmd_needs_beep
                0x0000000000107308                command_count
                0x0000000000107320                global_commands
                0x0000000000108520                global_param_count
                0x0000000000108540                global_param_storage
 *fill*         0x0000000000109af4        0xc 
 .bss           0x0000000000109b00     0x1494 /mnt/c/os/build/kernel/c/keyboard.obj
                0x0000000000109b00                caps_down
                0x0000000000109b01                num_lock_on
                0x0000000000109b02                scroll_lock_on
                0x0000000000109b04                language
                0x0000000000109b08                global_free_mode
 *fill*         0x000000000010af94        0xc 
 .bss           0x000000000010afa0     0x1494 /mnt/c/os/build/kernel/c/kvfs.obj
                0x000000000010afa0                initrd
                0x000000000010afa4                initrd_size
 *fill*         0x000000000010c434        0xc 
 .bss           0x000000000010c440     0x1494 /mnt/c/os/build/kernel/c/main.obj
                0x000000000010c440                tick
                0x000000000010c444                goal_tick
                0x000000000010c448                tick_beeping
 .bss           0x000000000010d8d4        0x0 /mnt/c/os/build/kernel/c/memory.obj
 .bss           0x000000000010d8d4        0xa /mnt/c/os/build/kernel/c/stdio.obj
                0x000000000010d8d4                global_screen_x
                0x000000000010d8d8                global_screen_y
                0x000000000010d8dc                global_color
                0x000000000010d8dd                en_freemode
 .bss           0x000000000010d8de        0x0 /mnt/c/os/build/kernel/c/stdlib.obj
 *fill*         0x000000000010d8de        0x2 
 .bss           0x000000000010d8e0      0x220 /mnt/c/os/build/kernel/c/task_scheduler.obj
                0x000000000010d8e0                jprocess
                0x000000000010d900                global_processes
 .bss           0x000000000010db00        0x0 /mnt/c/os/build/kernel/c/hal/hal.obj
 .bss           0x000000000010db00        0x0 /mnt/c/os/build/kernel/c/arch/i686/disk.obj
 .bss           0x000000000010db00        0xc /mnt/c/os/build/kernel/c/arch/i686/fat.obj
 .bss           0x000000000010db0c        0x0 /mnt/c/os/build/kernel/c/arch/i686/gdt.obj
 *fill*         0x000000000010db0c       0x14 
 .bss           0x000000000010db20      0x800 /mnt/c/os/build/kernel/c/arch/i686/idt.obj
                0x000000000010db20                global_idt
 .bss           0x000000000010e320        0x0 /mnt/c/os/build/kernel/c/arch/i686/io.obj
 .bss           0x000000000010e320       0x40 /mnt/c/os/build/kernel/c/arch/i686/irq.obj
                0x000000000010e320                global_IRQ_handlers
 .bss           0x000000000010e360      0x400 /mnt/c/os/build/kernel/c/arch/i686/isr.obj
                0x000000000010e360                g_ISRHandlers
 .bss           0x000000000010e760        0x0 /mnt/c/os/build/kernel/c/arch/i686/isrs_gen.obj
 .bss           0x000000000010e760        0x0 /mnt/c/os/build/kernel/c/arch/i686/memory.obj
 .bss           0x000000000010e760        0xc /mnt/c/os/build/kernel/c/arch/i686/pic.obj
                0x000000000010e760                PIC_ICW1
                0x000000000010e764                PIC_ICW4
                0x000000000010e768                PIC_CMD
 .bss           0x000000000010e76c        0x0 /mnt/c/os/toolchain/i686-elf/bin/../lib/gcc/i686-elf/11.1.0/libgcc.a(_udivdi3.o)
 .bss           0x000000000010e76c        0x0 /mnt/c/os/toolchain/i686-elf/bin/../lib/gcc/i686-elf/11.1.0/libgcc.a(_umoddi3.o)
                0x000000000010e76c                __end = .
OUTPUT(/mnt/c/os/build/kernel.bin binary)

.debug_info     0x0000000000000000     0x52d9
 .debug_info    0x0000000000000000      0x11e /mnt/c/os/build/kernel/c/audio.obj
 .debug_info    0x000000000000011e      0x691 /mnt/c/os/build/kernel/c/command.obj
 .debug_info    0x00000000000007af      0x428 /mnt/c/os/build/kernel/c/keyboard.obj
 .debug_info    0x0000000000000bd7      0x2b1 /mnt/c/os/build/kernel/c/kvfs.obj
 .debug_info    0x0000000000000e88      0x5ac /mnt/c/os/build/kernel/c/main.obj
 .debug_info    0x0000000000001434       0xf5 /mnt/c/os/build/kernel/c/memory.obj
 .debug_info    0x0000000000001529      0x619 /mnt/c/os/build/kernel/c/stdio.obj
 .debug_info    0x0000000000001b42      0x4b5 /mnt/c/os/build/kernel/c/stdlib.obj
 .debug_info    0x0000000000001ff7      0x2c5 /mnt/c/os/build/kernel/c/task_scheduler.obj
 .debug_info    0x00000000000022bc       0xb3 /mnt/c/os/build/kernel/c/hal/hal.obj
 .debug_info    0x000000000000236f      0x2d5 /mnt/c/os/build/kernel/c/arch/i686/disk.obj
 .debug_info    0x0000000000002644      0xb61 /mnt/c/os/build/kernel/c/arch/i686/fat.obj
 .debug_info    0x00000000000031a5      0x200 /mnt/c/os/build/kernel/c/arch/i686/gdt.obj
 .debug_info    0x00000000000033a5      0x24e /mnt/c/os/build/kernel/c/arch/i686/idt.obj
 .debug_info    0x00000000000035f3       0xac /mnt/c/os/build/kernel/c/arch/i686/io.obj
 .debug_info    0x000000000000369f      0x303 /mnt/c/os/build/kernel/c/arch/i686/irq.obj
 .debug_info    0x00000000000039a2      0x2af /mnt/c/os/build/kernel/c/arch/i686/isr.obj
 .debug_info    0x0000000000003c51      0xd09 /mnt/c/os/build/kernel/c/arch/i686/isrs_gen.obj
 .debug_info    0x000000000000495a       0x65 /mnt/c/os/build/kernel/c/arch/i686/memory.obj
 .debug_info    0x00000000000049bf      0x2ab /mnt/c/os/build/kernel/c/arch/i686/pic.obj
 .debug_info    0x0000000000004c6a      0x32c /mnt/c/os/toolchain/i686-elf/bin/../lib/gcc/i686-elf/11.1.0/libgcc.a(_udivdi3.o)
 .debug_info    0x0000000000004f96      0x343 /mnt/c/os/toolchain/i686-elf/bin/../lib/gcc/i686-elf/11.1.0/libgcc.a(_umoddi3.o)

.debug_abbrev   0x0000000000000000     0x1e02
 .debug_abbrev  0x0000000000000000       0xc2 /mnt/c/os/build/kernel/c/audio.obj
 .debug_abbrev  0x00000000000000c2      0x2ce /mnt/c/os/build/kernel/c/command.obj
 .debug_abbrev  0x0000000000000390      0x1e7 /mnt/c/os/build/kernel/c/keyboard.obj
 .debug_abbrev  0x0000000000000577      0x186 /mnt/c/os/build/kernel/c/kvfs.obj
 .debug_abbrev  0x00000000000006fd      0x1b8 /mnt/c/os/build/kernel/c/main.obj
 .debug_abbrev  0x00000000000008b5       0xb6 /mnt/c/os/build/kernel/c/memory.obj
 .debug_abbrev  0x000000000000096b      0x1fb /mnt/c/os/build/kernel/c/stdio.obj
 .debug_abbrev  0x0000000000000b66      0x226 /mnt/c/os/build/kernel/c/stdlib.obj
 .debug_abbrev  0x0000000000000d8c      0x1af /mnt/c/os/build/kernel/c/task_scheduler.obj
 .debug_abbrev  0x0000000000000f3b       0x5a /mnt/c/os/build/kernel/c/hal/hal.obj
 .debug_abbrev  0x0000000000000f95      0x161 /mnt/c/os/build/kernel/c/arch/i686/disk.obj
 .debug_abbrev  0x00000000000010f6      0x27b /mnt/c/os/build/kernel/c/arch/i686/fat.obj
 .debug_abbrev  0x0000000000001371       0xf0 /mnt/c/os/build/kernel/c/arch/i686/gdt.obj
 .debug_abbrev  0x0000000000001461      0x122 /mnt/c/os/build/kernel/c/arch/i686/idt.obj
 .debug_abbrev  0x0000000000001583       0x6d /mnt/c/os/build/kernel/c/arch/i686/io.obj
 .debug_abbrev  0x00000000000015f0      0x192 /mnt/c/os/build/kernel/c/arch/i686/irq.obj
 .debug_abbrev  0x0000000000001782      0x150 /mnt/c/os/build/kernel/c/arch/i686/isr.obj
 .debug_abbrev  0x00000000000018d2       0xbf /mnt/c/os/build/kernel/c/arch/i686/isrs_gen.obj
 .debug_abbrev  0x0000000000001991       0x26 /mnt/c/os/build/kernel/c/arch/i686/memory.obj
 .debug_abbrev  0x00000000000019b7      0x17f /mnt/c/os/build/kernel/c/arch/i686/pic.obj
 .debug_abbrev  0x0000000000001b36      0x15b /mnt/c/os/toolchain/i686-elf/bin/../lib/gcc/i686-elf/11.1.0/libgcc.a(_udivdi3.o)
 .debug_abbrev  0x0000000000001c91      0x171 /mnt/c/os/toolchain/i686-elf/bin/../lib/gcc/i686-elf/11.1.0/libgcc.a(_umoddi3.o)

.debug_aranges  0x0000000000000000      0x2c0
 .debug_aranges
                0x0000000000000000       0x20 /mnt/c/os/build/kernel/c/audio.obj
 .debug_aranges
                0x0000000000000020       0x20 /mnt/c/os/build/kernel/c/command.obj
 .debug_aranges
                0x0000000000000040       0x20 /mnt/c/os/build/kernel/c/keyboard.obj
 .debug_aranges
                0x0000000000000060       0x20 /mnt/c/os/build/kernel/c/kvfs.obj
 .debug_aranges
                0x0000000000000080       0x28 /mnt/c/os/build/kernel/c/main.obj
 .debug_aranges
                0x00000000000000a8       0x20 /mnt/c/os/build/kernel/c/memory.obj
 .debug_aranges
                0x00000000000000c8       0x20 /mnt/c/os/build/kernel/c/stdio.obj
 .debug_aranges
                0x00000000000000e8       0x20 /mnt/c/os/build/kernel/c/stdlib.obj
 .debug_aranges
                0x0000000000000108       0x20 /mnt/c/os/build/kernel/c/task_scheduler.obj
 .debug_aranges
                0x0000000000000128       0x20 /mnt/c/os/build/kernel/c/hal/hal.obj
 .debug_aranges
                0x0000000000000148       0x20 /mnt/c/os/build/kernel/c/arch/i686/disk.obj
 .debug_aranges
                0x0000000000000168       0x20 /mnt/c/os/build/kernel/c/arch/i686/fat.obj
 .debug_aranges
                0x0000000000000188       0x20 /mnt/c/os/build/kernel/c/arch/i686/gdt.obj
 .debug_aranges
                0x00000000000001a8       0x20 /mnt/c/os/build/kernel/c/arch/i686/idt.obj
 .debug_aranges
                0x00000000000001c8       0x20 /mnt/c/os/build/kernel/c/arch/i686/io.obj
 .debug_aranges
                0x00000000000001e8       0x20 /mnt/c/os/build/kernel/c/arch/i686/irq.obj
 .debug_aranges
                0x0000000000000208       0x20 /mnt/c/os/build/kernel/c/arch/i686/isr.obj
 .debug_aranges
                0x0000000000000228       0x20 /mnt/c/os/build/kernel/c/arch/i686/isrs_gen.obj
 .debug_aranges
                0x0000000000000248       0x18 /mnt/c/os/build/kernel/c/arch/i686/memory.obj
 .debug_aranges
                0x0000000000000260       0x20 /mnt/c/os/build/kernel/c/arch/i686/pic.obj
 .debug_aranges
                0x0000000000000280       0x20 /mnt/c/os/toolchain/i686-elf/bin/../lib/gcc/i686-elf/11.1.0/libgcc.a(_udivdi3.o)
 .debug_aranges
                0x00000000000002a0       0x20 /mnt/c/os/toolchain/i686-elf/bin/../lib/gcc/i686-elf/11.1.0/libgcc.a(_umoddi3.o)

.debug_line     0x0000000000000000     0x22a3
 .debug_line    0x0000000000000000       0x8c /mnt/c/os/build/kernel/c/audio.obj
 .debug_line    0x000000000000008c      0x3b3 /mnt/c/os/build/kernel/c/command.obj
 .debug_line    0x000000000000043f      0x17d /mnt/c/os/build/kernel/c/keyboard.obj
 .debug_line    0x00000000000005bc      0x195 /mnt/c/os/build/kernel/c/kvfs.obj
 .debug_line    0x0000000000000751      0x152 /mnt/c/os/build/kernel/c/main.obj
 .debug_line    0x00000000000008a3       0x80 /mnt/c/os/build/kernel/c/memory.obj
 .debug_line    0x0000000000000923      0x466 /mnt/c/os/build/kernel/c/stdio.obj
 .debug_line    0x0000000000000d89      0x23e /mnt/c/os/build/kernel/c/stdlib.obj
 .debug_line    0x0000000000000fc7      0x1a7 /mnt/c/os/build/kernel/c/task_scheduler.obj
 .debug_line    0x000000000000116e       0x6a /mnt/c/os/build/kernel/c/hal/hal.obj
 .debug_line    0x00000000000011d8      0x103 /mnt/c/os/build/kernel/c/arch/i686/disk.obj
 .debug_line    0x00000000000012db      0x5ce /mnt/c/os/build/kernel/c/arch/i686/fat.obj
 .debug_line    0x00000000000018a9       0x5c /mnt/c/os/build/kernel/c/arch/i686/gdt.obj
 .debug_line    0x0000000000001905       0x8f /mnt/c/os/build/kernel/c/arch/i686/idt.obj
 .debug_line    0x0000000000001994       0x5e /mnt/c/os/build/kernel/c/arch/i686/io.obj
 .debug_line    0x00000000000019f2       0xd2 /mnt/c/os/build/kernel/c/arch/i686/irq.obj
 .debug_line    0x0000000000001ac4       0xe0 /mnt/c/os/build/kernel/c/arch/i686/isr.obj
 .debug_line    0x0000000000001ba4      0x25f /mnt/c/os/build/kernel/c/arch/i686/isrs_gen.obj
 .debug_line    0x0000000000001e03       0x31 /mnt/c/os/build/kernel/c/arch/i686/memory.obj
 .debug_line    0x0000000000001e34      0x121 /mnt/c/os/build/kernel/c/arch/i686/pic.obj
 .debug_line    0x0000000000001f55      0x179 /mnt/c/os/toolchain/i686-elf/bin/../lib/gcc/i686-elf/11.1.0/libgcc.a(_udivdi3.o)
 .debug_line    0x00000000000020ce      0x1d5 /mnt/c/os/toolchain/i686-elf/bin/../lib/gcc/i686-elf/11.1.0/libgcc.a(_umoddi3.o)

.debug_str      0x0000000000000000     0x3c48
 .debug_str     0x0000000000000000      0x118 /mnt/c/os/build/kernel/c/audio.obj
 .debug_str     0x0000000000000118      0x3b0 /mnt/c/os/build/kernel/c/command.obj
 .debug_str     0x00000000000004c8      0x285 /mnt/c/os/build/kernel/c/keyboard.obj
 .debug_str     0x000000000000074d      0x1a2 /mnt/c/os/build/kernel/c/kvfs.obj
 .debug_str     0x00000000000008ef      0x383 /mnt/c/os/build/kernel/c/main.obj
 .debug_str     0x0000000000000c72       0xf3 /mnt/c/os/build/kernel/c/memory.obj
 .debug_str     0x0000000000000d65      0x2b6 /mnt/c/os/build/kernel/c/stdio.obj
 .debug_str     0x000000000000101b      0x252 /mnt/c/os/build/kernel/c/stdlib.obj
 .debug_str     0x000000000000126d      0x1b3 /mnt/c/os/build/kernel/c/task_scheduler.obj
 .debug_str     0x0000000000001420      0x116 /mnt/c/os/build/kernel/c/hal/hal.obj
 .debug_str     0x0000000000001536      0x1b5 /mnt/c/os/build/kernel/c/arch/i686/disk.obj
 .debug_str     0x00000000000016eb      0x64a /mnt/c/os/build/kernel/c/arch/i686/fat.obj
 .debug_str     0x0000000000001d35      0x30e /mnt/c/os/build/kernel/c/arch/i686/gdt.obj
 .debug_str     0x0000000000002043      0x28d /mnt/c/os/build/kernel/c/arch/i686/idt.obj
 .debug_str     0x00000000000022d0       0xf6 /mnt/c/os/build/kernel/c/arch/i686/io.obj
 .debug_str     0x00000000000023c6      0x221 /mnt/c/os/build/kernel/c/arch/i686/irq.obj
 .debug_str     0x00000000000025e7      0x1bd /mnt/c/os/build/kernel/c/arch/i686/isr.obj
 .debug_str     0x00000000000027a4      0xd5e /mnt/c/os/build/kernel/c/arch/i686/isrs_gen.obj
 .debug_str     0x0000000000003502       0xcf /mnt/c/os/build/kernel/c/arch/i686/memory.obj
 .debug_str     0x00000000000035d1      0x2b1 /mnt/c/os/build/kernel/c/arch/i686/pic.obj
 .debug_str     0x0000000000003882      0x1e3 /mnt/c/os/toolchain/i686-elf/bin/../lib/gcc/i686-elf/11.1.0/libgcc.a(_udivdi3.o)
 .debug_str     0x0000000000003a65      0x1e3 /mnt/c/os/toolchain/i686-elf/bin/../lib/gcc/i686-elf/11.1.0/libgcc.a(_umoddi3.o)

.debug_line_str
                0x0000000000000000      0xf76
 .debug_line_str
                0x0000000000000000       0x9d /mnt/c/os/build/kernel/c/audio.obj
 .debug_line_str
                0x000000000000009d      0x101 /mnt/c/os/build/kernel/c/command.obj
 .debug_line_str
                0x000000000000019e       0xde /mnt/c/os/build/kernel/c/keyboard.obj
 .debug_line_str
                0x000000000000027c       0xab /mnt/c/os/build/kernel/c/kvfs.obj
 .debug_line_str
                0x0000000000000327      0x131 /mnt/c/os/build/kernel/c/main.obj
 .debug_line_str
                0x0000000000000458       0x8f /mnt/c/os/build/kernel/c/memory.obj
 .debug_line_str
                0x00000000000004e7       0xa6 /mnt/c/os/build/kernel/c/stdio.obj
 .debug_line_str
                0x000000000000058d       0xab /mnt/c/os/build/kernel/c/stdlib.obj
 .debug_line_str
                0x0000000000000638       0x78 /mnt/c/os/build/kernel/c/task_scheduler.obj
 .debug_line_str
                0x00000000000006b0       0x6c /mnt/c/os/build/kernel/c/hal/hal.obj
 .debug_line_str
                0x000000000000071c       0xbe /mnt/c/os/build/kernel/c/arch/i686/disk.obj
 .debug_line_str
                0x00000000000007da       0xd4 /mnt/c/os/build/kernel/c/arch/i686/fat.obj
 .debug_line_str
                0x00000000000008ae       0xa4 /mnt/c/os/build/kernel/c/arch/i686/gdt.obj
 .debug_line_str
                0x0000000000000952       0xaa /mnt/c/os/build/kernel/c/arch/i686/idt.obj
 .debug_line_str
                0x00000000000009fc       0xa6 /mnt/c/os/build/kernel/c/arch/i686/io.obj
 .debug_line_str
                0x0000000000000aa2       0xc5 /mnt/c/os/build/kernel/c/arch/i686/irq.obj
 .debug_line_str
                0x0000000000000b67       0xbf /mnt/c/os/build/kernel/c/arch/i686/isr.obj
 .debug_line_str
                0x0000000000000c26       0xb9 /mnt/c/os/build/kernel/c/arch/i686/isrs_gen.obj
 .debug_line_str
                0x0000000000000cdf       0x50 /mnt/c/os/build/kernel/c/arch/i686/memory.obj
 .debug_line_str
                0x0000000000000d2f       0xa9 /mnt/c/os/build/kernel/c/arch/i686/pic.obj
 .debug_line_str
                0x0000000000000dd8       0xcf /mnt/c/os/toolchain/i686-elf/bin/../lib/gcc/i686-elf/11.1.0/libgcc.a(_udivdi3.o)
 .debug_line_str
                0x0000000000000ea7       0xcf /mnt/c/os/toolchain/i686-elf/bin/../lib/gcc/i686-elf/11.1.0/libgcc.a(_umoddi3.o)

.comment        0x0000000000000000      0x1a2
 .comment       0x0000000000000000       0x13 /mnt/c/os/build/kernel/c/audio.obj
 .comment       0x0000000000000013       0x13 /mnt/c/os/build/kernel/c/command.obj
 .comment       0x0000000000000026       0x13 /mnt/c/os/build/kernel/c/keyboard.obj
 .comment       0x0000000000000039       0x13 /mnt/c/os/build/kernel/c/kvfs.obj
 .comment       0x000000000000004c       0x13 /mnt/c/os/build/kernel/c/main.obj
 .comment       0x000000000000005f       0x13 /mnt/c/os/build/kernel/c/memory.obj
 .comment       0x0000000000000072       0x13 /mnt/c/os/build/kernel/c/stdio.obj
 .comment       0x0000000000000085       0x13 /mnt/c/os/build/kernel/c/stdlib.obj
 .comment       0x0000000000000098       0x13 /mnt/c/os/build/kernel/c/task_scheduler.obj
 .comment       0x00000000000000ab       0x13 /mnt/c/os/build/kernel/c/hal/hal.obj
 .comment       0x00000000000000be       0x13 /mnt/c/os/build/kernel/c/arch/i686/disk.obj
 .comment       0x00000000000000d1       0x13 /mnt/c/os/build/kernel/c/arch/i686/fat.obj
 .comment       0x00000000000000e4       0x13 /mnt/c/os/build/kernel/c/arch/i686/gdt.obj
 .comment       0x00000000000000f7       0x13 /mnt/c/os/build/kernel/c/arch/i686/idt.obj
 .comment       0x000000000000010a       0x13 /mnt/c/os/build/kernel/c/arch/i686/io.obj
 .comment       0x000000000000011d       0x13 /mnt/c/os/build/kernel/c/arch/i686/irq.obj
 .comment       0x0000000000000130       0x13 /mnt/c/os/build/kernel/c/arch/i686/isr.obj
 .comment       0x0000000000000143       0x13 /mnt/c/os/build/kernel/c/arch/i686/isrs_gen.obj
 .comment       0x0000000000000156       0x13 /mnt/c/os/build/kernel/c/arch/i686/memory.obj
 .comment       0x0000000000000169       0x13 /mnt/c/os/build/kernel/c/arch/i686/pic.obj
 .comment       0x000000000000017c       0x13 /mnt/c/os/toolchain/i686-elf/bin/../lib/gcc/i686-elf/11.1.0/libgcc.a(_udivdi3.o)
 .comment       0x000000000000018f       0x13 /mnt/c/os/toolchain/i686-elf/bin/../lib/gcc/i686-elf/11.1.0/libgcc.a(_umoddi3.o)

.debug_frame    0x0000000000000000      0xedc
 .debug_frame   0x0000000000000000       0x54 /mnt/c/os/build/kernel/c/audio.obj
 .debug_frame   0x0000000000000054      0x154 /mnt/c/os/build/kernel/c/command.obj
 .debug_frame   0x00000000000001a8       0x74 /mnt/c/os/build/kernel/c/keyboard.obj
 .debug_frame   0x000000000000021c       0xcc /mnt/c/os/build/kernel/c/kvfs.obj
 .debug_frame   0x00000000000002e8       0x6c /mnt/c/os/build/kernel/c/main.obj
 .debug_frame   0x0000000000000354       0x34 /mnt/c/os/build/kernel/c/memory.obj
 .debug_frame   0x0000000000000388      0x240 /mnt/c/os/build/kernel/c/stdio.obj
 .debug_frame   0x00000000000005c8      0x1a8 /mnt/c/os/build/kernel/c/stdlib.obj
 .debug_frame   0x0000000000000770       0xf4 /mnt/c/os/build/kernel/c/task_scheduler.obj
 .debug_frame   0x0000000000000864       0x34 /mnt/c/os/build/kernel/c/hal/hal.obj
 .debug_frame   0x0000000000000898       0x80 /mnt/c/os/build/kernel/c/arch/i686/disk.obj
 .debug_frame   0x0000000000000918      0x284 /mnt/c/os/build/kernel/c/arch/i686/fat.obj
 .debug_frame   0x0000000000000b9c       0x34 /mnt/c/os/build/kernel/c/arch/i686/gdt.obj
 .debug_frame   0x0000000000000bd0       0x94 /mnt/c/os/build/kernel/c/arch/i686/idt.obj
 .debug_frame   0x0000000000000c64       0x34 /mnt/c/os/build/kernel/c/arch/i686/io.obj
 .debug_frame   0x0000000000000c98       0x74 /mnt/c/os/build/kernel/c/arch/i686/irq.obj
 .debug_frame   0x0000000000000d0c       0xa0 /mnt/c/os/build/kernel/c/arch/i686/isr.obj
 .debug_frame   0x0000000000000dac       0x34 /mnt/c/os/build/kernel/c/arch/i686/isrs_gen.obj
 .debug_frame   0x0000000000000de0       0xfc /mnt/c/os/build/kernel/c/arch/i686/pic.obj

.debug_rnglists
                0x0000000000000000       0xaa
 .debug_rnglists
                0x0000000000000000       0x17 /mnt/c/os/build/kernel/c/command.obj
 .debug_rnglists
                0x0000000000000017       0x17 /mnt/c/os/build/kernel/c/keyboard.obj
 .debug_rnglists
                0x000000000000002e       0x17 /mnt/c/os/build/kernel/c/kvfs.obj
 .debug_rnglists
                0x0000000000000045       0x1b /mnt/c/os/build/kernel/c/main.obj
 .debug_rnglists
                0x0000000000000060       0x2a /mnt/c/os/toolchain/i686-elf/bin/../lib/gcc/i686-elf/11.1.0/libgcc.a(_udivdi3.o)
 .debug_rnglists
                0x000000000000008a       0x20 /mnt/c/os/toolchain/i686-elf/bin/../lib/gcc/i686-elf/11.1.0/libgcc.a(_umoddi3.o)

.debug_loclists
                0x0000000000000000      0x9a0
 .debug_loclists
                0x0000000000000000      0x50b /mnt/c/os/toolchain/i686-elf/bin/../lib/gcc/i686-elf/11.1.0/libgcc.a(_udivdi3.o)
 .debug_loclists
                0x000000000000050b      0x495 /mnt/c/os/toolchain/i686-elf/bin/../lib/gcc/i686-elf/11.1.0/libgcc.a(_umoddi3.o)
