Archive member included to satisfy reference by file (symbol)

/mnt/c/os/toolchain/i686-elf/bin/../lib/gcc/i686-elf/11.1.0/libgcc.a(_udivdi3.o)
                              /mnt/c/os/build/stage2/c/stdio.obj (__udivdi3)
/mnt/c/os/toolchain/i686-elf/bin/../lib/gcc/i686-elf/11.1.0/libgcc.a(_umoddi3.o)
                              /mnt/c/os/build/stage2/c/stdio.obj (__umoddi3)

Memory Configuration

Name             Origin             Length             Attributes
*default*        0x0000000000000000 0xffffffffffffffff

Linker script and memory map

LOAD /mnt/c/os/build/stage2/asm/entry.obj
LOAD /mnt/c/os/build/stage2/asm/x86.obj
LOAD /mnt/c/os/build/stage2/c/disk.obj
LOAD /mnt/c/os/build/stage2/c/fat.obj
LOAD /mnt/c/os/build/stage2/c/main.obj
LOAD /mnt/c/os/build/stage2/c/memdetect.obj
LOAD /mnt/c/os/build/stage2/c/stdio.obj
LOAD /mnt/c/os/build/stage2/c/../../libs/ctype.obj
LOAD /mnt/c/os/build/stage2/c/../../libs/math.obj
LOAD /mnt/c/os/build/stage2/c/../../libs/memory.obj
LOAD /mnt/c/os/build/stage2/c/../../libs/string.obj
LOAD /mnt/c/os/toolchain/i686-elf/bin/../lib/gcc/i686-elf/11.1.0/libgcc.a
                0x0000000000000500                phys = 0x500
                0x0000000000000500                . = phys

.entry          0x0000000000000500       0xc0
                0x0000000000000500                __entry_start = .
 *(.entry)
 .entry         0x0000000000000500       0xc0 /mnt/c/os/build/stage2/asm/entry.obj
                0x0000000000000500                entry

.text           0x00000000000005c0     0x3230
                0x00000000000005c0                __text_start = .
 *(.text)
 .text          0x00000000000005c0      0x250 /mnt/c/os/build/stage2/asm/x86.obj
                0x00000000000005c0                x86_outb
                0x00000000000005cb                x86_inb
                0x00000000000005d4                x86_Disk_GetDriveParams
                0x0000000000000697                x86_Disk_Reset
                0x00000000000006e7                x86_Disk_Read
                0x0000000000000765                x86_E820GetNextBlock
 .text          0x0000000000000810      0x1b9 /mnt/c/os/build/stage2/c/disk.obj
                0x0000000000000810                disk_initialize
                0x0000000000000890                disk_lba2chs
                0x000000000000091d                disk_read_sectors
 .text          0x00000000000009c9      0xa1e /mnt/c/os/build/stage2/c/fat.obj
                0x00000000000009c9                FAT_ReadBootSector
                0x00000000000009e6                FAT_ReadFat
                0x0000000000000a1a                FAT_Initialize
                0x0000000000000c4e                FAT_ClusterToLba
                0x0000000000000c6f                FAT_OpenEntry
                0x0000000000000e37                FAT_NextCluster
                0x0000000000000e84                FAT_Read
                0x00000000000010cb                FAT_ReadEntry
                0x00000000000010ec                FAT_Close
                0x000000000000113a                FAT_FindFile
                0x000000000000129a                FAT_Open
 .text          0x00000000000013e7      0x156 /mnt/c/os/build/stage2/c/main.obj
                0x00000000000013e7                start
 .text          0x000000000000153d      0x119 /mnt/c/os/build/stage2/c/memdetect.obj
                0x000000000000153d                memory_detect
 .text          0x0000000000001656      0x8ac /mnt/c/os/build/stage2/c/stdio.obj
                0x0000000000001656                putchr
                0x0000000000001685                putcolor
                0x00000000000016b7                getchr
                0x00000000000016d9                getcolor
                0x00000000000016fe                setcursor
                0x000000000000176f                clrscr
                0x00000000000017fd                scrollback
                0x00000000000018eb                putc
                0x00000000000019f8                puts
                0x0000000000001a27                printf_unsigned
                0x0000000000001ae0                printf_signed
                0x0000000000001b3d                printf
                0x0000000000001e69                print_buffer
 .text          0x0000000000001f02      0x31f /mnt/c/os/build/stage2/c/../../libs/ctype.obj
                0x0000000000001f02                islower
                0x0000000000001f2b                isupper
                0x0000000000001f54                toupper
                0x0000000000001f80                isalnum
                0x0000000000001fcb                isalpha
                0x000000000000200a                isblank
                0x0000000000002030                iscntrl
                0x0000000000002045                isdigit
                0x000000000000206e                isgraph
                0x000000000000209a                isprint
                0x00000000000020d6                ispunct
                0x0000000000002144                isspace
                0x0000000000002164                isxdigit
                0x00000000000021f5                tolower
 .text          0x0000000000002221      0xc0b /mnt/c/os/build/stage2/c/../../libs/math.obj
                0x0000000000002221                align
                0x0000000000002258                min
                0x000000000000226d                max
                0x0000000000002282                pow
                0x0000000000002306                factorial
                0x0000000000002362                acos
                0x00000000000023b8                asin
                0x0000000000002445                atan
                0x000000000000253c                atan2
                0x0000000000002663                cos
                0x0000000000002708                cosh
                0x00000000000027a0                sin
                0x0000000000002852                sinh
                0x00000000000028ea                tan
                0x000000000000292e                tanh
                0x0000000000002972                exp
                0x00000000000029bc                frexp
                0x0000000000002a76                ldexp
                0x0000000000002ab6                log
                0x0000000000002b6b                log10
                0x0000000000002ba1                modf
                0x0000000000002c1a                sqrt
                0x0000000000002cd9                ceil
                0x0000000000002d13                fabs
                0x0000000000002d3c                abs
                0x0000000000002d51                floor
                0x0000000000002d82                fmod
                0x0000000000002dc4                round
 .text          0x0000000000002e2c      0x1e2 /mnt/c/os/build/stage2/c/../../libs/memory.obj
                0x0000000000002e2c                memcpy
                0x0000000000002e7e                memset
                0x0000000000002ec1                memcmp
                0x0000000000002f21                memchr
                0x0000000000002f76                memmove
 .text          0x000000000000300e      0x557 /mnt/c/os/build/stage2/c/../../libs/string.obj
                0x000000000000300e                strchr
                0x000000000000304c                strcpy
                0x000000000000309e                strlen
                0x00000000000030c4                end_of_str
                0x00000000000030ea                strcat
                0x0000000000003140                strncat
                0x00000000000031aa                strcmp
                0x0000000000003227                strncmp
                0x00000000000032b1                strncpy
                0x0000000000003318                strcspn
                0x0000000000003389                strerror
                0x00000000000033ad                strpbrk
                0x000000000000341e                strrchr
                0x0000000000003473                strspn
                0x00000000000034de                strstr
 *fill*         0x0000000000003565        0xb 
 .text          0x0000000000003570      0x12a /mnt/c/os/toolchain/i686-elf/bin/../lib/gcc/i686-elf/11.1.0/libgcc.a(_udivdi3.o)
                0x0000000000003570                __udivdi3
 *fill*         0x000000000000369a        0x6 
 .text          0x00000000000036a0      0x150 /mnt/c/os/toolchain/i686-elf/bin/../lib/gcc/i686-elf/11.1.0/libgcc.a(_umoddi3.o)
                0x00000000000036a0                __umoddi3

.data           0x00000000000037f0       0x20
                0x00000000000037f0                __data_start = .
 *(.data)
 .data          0x00000000000037f0        0x0 /mnt/c/os/build/stage2/c/disk.obj
 .data          0x00000000000037f0        0x0 /mnt/c/os/build/stage2/c/fat.obj
 .data          0x00000000000037f0        0x8 /mnt/c/os/build/stage2/c/main.obj
                0x00000000000037f0                KernelLoadBuffer
                0x00000000000037f4                Kernel
 .data          0x00000000000037f8        0x0 /mnt/c/os/build/stage2/c/memdetect.obj
 .data          0x00000000000037f8        0x4 /mnt/c/os/build/stage2/c/stdio.obj
                0x00000000000037f8                global_screen_buffer
 .data          0x00000000000037fc        0x0 /mnt/c/os/build/stage2/c/../../libs/ctype.obj
 .data          0x00000000000037fc        0x0 /mnt/c/os/build/stage2/c/../../libs/math.obj
 .data          0x00000000000037fc        0x0 /mnt/c/os/build/stage2/c/../../libs/memory.obj
 .data          0x00000000000037fc       0x14 /mnt/c/os/build/stage2/c/../../libs/string.obj
                0x00000000000037fc                err_msg_strings
 .data          0x0000000000003810        0x0 /mnt/c/os/toolchain/i686-elf/bin/../lib/gcc/i686-elf/11.1.0/libgcc.a(_udivdi3.o)
 .data          0x0000000000003810        0x0 /mnt/c/os/toolchain/i686-elf/bin/../lib/gcc/i686-elf/11.1.0/libgcc.a(_umoddi3.o)

.rodata         0x0000000000003810      0x459
                0x0000000000003810                __rodata_start = .
 *(.rodata)
 .rodata        0x0000000000003810       0x60 /mnt/c/os/build/stage2/c/disk.obj
 .rodata        0x0000000000003870      0x16b /mnt/c/os/build/stage2/c/fat.obj
 *fill*         0x00000000000039db        0x1 
 .rodata        0x00000000000039dc       0xab /mnt/c/os/build/stage2/c/main.obj
 *fill*         0x0000000000003a87        0x1 
 .rodata        0x0000000000003a88       0x28 /mnt/c/os/build/stage2/c/memdetect.obj
 .rodata        0x0000000000003ab0       0xd2 /mnt/c/os/build/stage2/c/stdio.obj
                0x0000000000003ab0                SCREEN_WIDTH
                0x0000000000003ab4                SCREEN_HEIGHT
                0x0000000000003ab8                DEFAULT_COLOR
                0x0000000000003abc                hex_chars
 *fill*         0x0000000000003b82        0xe 
 .rodata        0x0000000000003b90       0xac /mnt/c/os/build/stage2/c/../../libs/math.obj
 .rodata        0x0000000000003c3c       0x2d /mnt/c/os/build/stage2/c/../../libs/string.obj

.eh_frame       0x0000000000003c6c       0xd8
 .eh_frame      0x0000000000003c6c       0x64 /mnt/c/os/toolchain/i686-elf/bin/../lib/gcc/i686-elf/11.1.0/libgcc.a(_udivdi3.o)
 .eh_frame      0x0000000000003cd0       0x74 /mnt/c/os/toolchain/i686-elf/bin/../lib/gcc/i686-elf/11.1.0/libgcc.a(_umoddi3.o)

.bss            0x0000000000003d60     0x1840
                0x0000000000003d60                __bss_start = .
 *(.bss)
 .bss           0x0000000000003d60        0x0 /mnt/c/os/build/stage2/c/disk.obj
 .bss           0x0000000000003d60        0xc /mnt/c/os/build/stage2/c/fat.obj
 .bss           0x0000000000003d6c        0xc /mnt/c/os/build/stage2/c/main.obj
                0x0000000000003d6c                boot_params
 *fill*         0x0000000000003d78        0x8 
 .bss           0x0000000000003d80     0x1804 /mnt/c/os/build/stage2/c/memdetect.obj
                0x0000000000003d80                global_memory_regions
                0x0000000000005580                global_memory_reg_count
 .bss           0x0000000000005584        0x8 /mnt/c/os/build/stage2/c/stdio.obj
                0x0000000000005584                global_screen_x
                0x0000000000005588                global_screen_y
 .bss           0x000000000000558c        0x0 /mnt/c/os/build/stage2/c/../../libs/ctype.obj
 .bss           0x000000000000558c        0x0 /mnt/c/os/build/stage2/c/../../libs/math.obj
 .bss           0x000000000000558c        0x0 /mnt/c/os/build/stage2/c/../../libs/memory.obj
 .bss           0x000000000000558c       0x14 /mnt/c/os/build/stage2/c/../../libs/string.obj
                0x000000000000558c                internal_error_array
 .bss           0x00000000000055a0        0x0 /mnt/c/os/toolchain/i686-elf/bin/../lib/gcc/i686-elf/11.1.0/libgcc.a(_udivdi3.o)
 .bss           0x00000000000055a0        0x0 /mnt/c/os/toolchain/i686-elf/bin/../lib/gcc/i686-elf/11.1.0/libgcc.a(_umoddi3.o)
                0x00000000000055a0                __end = .
OUTPUT(/mnt/c/os/build/stage2.bin binary)

.debug_info     0x0000000000000000     0x30e7
 .debug_info    0x0000000000000000      0x2d5 /mnt/c/os/build/stage2/c/disk.obj
 .debug_info    0x00000000000002d5      0x9c2 /mnt/c/os/build/stage2/c/fat.obj
 .debug_info    0x0000000000000c97      0x3a9 /mnt/c/os/build/stage2/c/main.obj
 .debug_info    0x0000000000001040      0x21c /mnt/c/os/build/stage2/c/memdetect.obj
 .debug_info    0x000000000000125c      0x54e /mnt/c/os/build/stage2/c/stdio.obj
 .debug_info    0x00000000000017aa      0x29b /mnt/c/os/build/stage2/c/../../libs/ctype.obj
 .debug_info    0x0000000000001a45      0x73c /mnt/c/os/build/stage2/c/../../libs/math.obj
 .debug_info    0x0000000000002181      0x304 /mnt/c/os/build/stage2/c/../../libs/memory.obj
 .debug_info    0x0000000000002485      0x5f3 /mnt/c/os/build/stage2/c/../../libs/string.obj
 .debug_info    0x0000000000002a78      0x32c /mnt/c/os/toolchain/i686-elf/bin/../lib/gcc/i686-elf/11.1.0/libgcc.a(_udivdi3.o)
 .debug_info    0x0000000000002da4      0x343 /mnt/c/os/toolchain/i686-elf/bin/../lib/gcc/i686-elf/11.1.0/libgcc.a(_umoddi3.o)

.debug_abbrev   0x0000000000000000      0xf62
 .debug_abbrev  0x0000000000000000      0x161 /mnt/c/os/build/stage2/c/disk.obj
 .debug_abbrev  0x0000000000000161      0x265 /mnt/c/os/build/stage2/c/fat.obj
 .debug_abbrev  0x00000000000003c6      0x14d /mnt/c/os/build/stage2/c/main.obj
 .debug_abbrev  0x0000000000000513      0x118 /mnt/c/os/build/stage2/c/memdetect.obj
 .debug_abbrev  0x000000000000062b      0x1f6 /mnt/c/os/build/stage2/c/stdio.obj
 .debug_abbrev  0x0000000000000821       0x95 /mnt/c/os/build/stage2/c/../../libs/ctype.obj
 .debug_abbrev  0x00000000000008b6      0x1be /mnt/c/os/build/stage2/c/../../libs/math.obj
 .debug_abbrev  0x0000000000000a74       0xeb /mnt/c/os/build/stage2/c/../../libs/memory.obj
 .debug_abbrev  0x0000000000000b5f      0x137 /mnt/c/os/build/stage2/c/../../libs/string.obj
 .debug_abbrev  0x0000000000000c96      0x15b /mnt/c/os/toolchain/i686-elf/bin/../lib/gcc/i686-elf/11.1.0/libgcc.a(_udivdi3.o)
 .debug_abbrev  0x0000000000000df1      0x171 /mnt/c/os/toolchain/i686-elf/bin/../lib/gcc/i686-elf/11.1.0/libgcc.a(_umoddi3.o)

.debug_aranges  0x0000000000000000      0x160
 .debug_aranges
                0x0000000000000000       0x20 /mnt/c/os/build/stage2/c/disk.obj
 .debug_aranges
                0x0000000000000020       0x20 /mnt/c/os/build/stage2/c/fat.obj
 .debug_aranges
                0x0000000000000040       0x20 /mnt/c/os/build/stage2/c/main.obj
 .debug_aranges
                0x0000000000000060       0x20 /mnt/c/os/build/stage2/c/memdetect.obj
 .debug_aranges
                0x0000000000000080       0x20 /mnt/c/os/build/stage2/c/stdio.obj
 .debug_aranges
                0x00000000000000a0       0x20 /mnt/c/os/build/stage2/c/../../libs/ctype.obj
 .debug_aranges
                0x00000000000000c0       0x20 /mnt/c/os/build/stage2/c/../../libs/math.obj
 .debug_aranges
                0x00000000000000e0       0x20 /mnt/c/os/build/stage2/c/../../libs/memory.obj
 .debug_aranges
                0x0000000000000100       0x20 /mnt/c/os/build/stage2/c/../../libs/string.obj
 .debug_aranges
                0x0000000000000120       0x20 /mnt/c/os/toolchain/i686-elf/bin/../lib/gcc/i686-elf/11.1.0/libgcc.a(_udivdi3.o)
 .debug_aranges
                0x0000000000000140       0x20 /mnt/c/os/toolchain/i686-elf/bin/../lib/gcc/i686-elf/11.1.0/libgcc.a(_umoddi3.o)

.debug_line     0x0000000000000000     0x1b37
 .debug_line    0x0000000000000000       0xfb /mnt/c/os/build/stage2/c/disk.obj
 .debug_line    0x00000000000000fb      0x4be /mnt/c/os/build/stage2/c/fat.obj
 .debug_line    0x00000000000005b9       0xd1 /mnt/c/os/build/stage2/c/main.obj
 .debug_line    0x000000000000068a       0xbe /mnt/c/os/build/stage2/c/memdetect.obj
 .debug_line    0x0000000000000748      0x3de /mnt/c/os/build/stage2/c/stdio.obj
 .debug_line    0x0000000000000b26      0x27b /mnt/c/os/build/stage2/c/../../libs/ctype.obj
 .debug_line    0x0000000000000da1      0x552 /mnt/c/os/build/stage2/c/../../libs/math.obj
 .debug_line    0x00000000000012f3      0x1b7 /mnt/c/os/build/stage2/c/../../libs/memory.obj
 .debug_line    0x00000000000014aa      0x33f /mnt/c/os/build/stage2/c/../../libs/string.obj
 .debug_line    0x00000000000017e9      0x179 /mnt/c/os/toolchain/i686-elf/bin/../lib/gcc/i686-elf/11.1.0/libgcc.a(_udivdi3.o)
 .debug_line    0x0000000000001962      0x1d5 /mnt/c/os/toolchain/i686-elf/bin/../lib/gcc/i686-elf/11.1.0/libgcc.a(_umoddi3.o)

.debug_str      0x0000000000000000     0x1868
 .debug_str     0x0000000000000000      0x1cf /mnt/c/os/build/stage2/c/disk.obj
 .debug_str     0x00000000000001cf      0x607 /mnt/c/os/build/stage2/c/fat.obj
 .debug_str     0x00000000000007d6      0x265 /mnt/c/os/build/stage2/c/main.obj
 .debug_str     0x0000000000000a3b      0x1b5 /mnt/c/os/build/stage2/c/memdetect.obj
 .debug_str     0x0000000000000bf0      0x260 /mnt/c/os/build/stage2/c/stdio.obj
 .debug_str     0x0000000000000e50      0x14b /mnt/c/os/build/stage2/c/../../libs/ctype.obj
 .debug_str     0x0000000000000f9b      0x1cd /mnt/c/os/build/stage2/c/../../libs/math.obj
 .debug_str     0x0000000000001168      0x147 /mnt/c/os/build/stage2/c/../../libs/memory.obj
 .debug_str     0x00000000000012af      0x1f3 /mnt/c/os/build/stage2/c/../../libs/string.obj
 .debug_str     0x00000000000014a2      0x1e3 /mnt/c/os/toolchain/i686-elf/bin/../lib/gcc/i686-elf/11.1.0/libgcc.a(_udivdi3.o)
 .debug_str     0x0000000000001685      0x1e3 /mnt/c/os/toolchain/i686-elf/bin/../lib/gcc/i686-elf/11.1.0/libgcc.a(_umoddi3.o)

.debug_line_str
                0x0000000000000000      0x88a
 .debug_line_str
                0x0000000000000000       0xb4 /mnt/c/os/build/stage2/c/disk.obj
 .debug_line_str
                0x00000000000000b4       0xdd /mnt/c/os/build/stage2/c/fat.obj
 .debug_line_str
                0x0000000000000191       0xf2 /mnt/c/os/build/stage2/c/main.obj
 .debug_line_str
                0x0000000000000283       0xda /mnt/c/os/build/stage2/c/memdetect.obj
 .debug_line_str
                0x000000000000035d       0xb1 /mnt/c/os/build/stage2/c/stdio.obj
 .debug_line_str
                0x000000000000040e       0x79 /mnt/c/os/build/stage2/c/../../libs/ctype.obj
 .debug_line_str
                0x0000000000000487       0xc0 /mnt/c/os/build/stage2/c/../../libs/math.obj
 .debug_line_str
                0x0000000000000547       0xcf /mnt/c/os/build/stage2/c/../../libs/memory.obj
 .debug_line_str
                0x0000000000000616       0xd6 /mnt/c/os/build/stage2/c/../../libs/string.obj
 .debug_line_str
                0x00000000000006ec       0xcf /mnt/c/os/toolchain/i686-elf/bin/../lib/gcc/i686-elf/11.1.0/libgcc.a(_udivdi3.o)
 .debug_line_str
                0x00000000000007bb       0xcf /mnt/c/os/toolchain/i686-elf/bin/../lib/gcc/i686-elf/11.1.0/libgcc.a(_umoddi3.o)

.comment        0x0000000000000000       0xd1
 .comment       0x0000000000000000       0x13 /mnt/c/os/build/stage2/c/disk.obj
 .comment       0x0000000000000013       0x13 /mnt/c/os/build/stage2/c/fat.obj
 .comment       0x0000000000000026       0x13 /mnt/c/os/build/stage2/c/main.obj
 .comment       0x0000000000000039       0x13 /mnt/c/os/build/stage2/c/memdetect.obj
 .comment       0x000000000000004c       0x13 /mnt/c/os/build/stage2/c/stdio.obj
 .comment       0x000000000000005f       0x13 /mnt/c/os/build/stage2/c/../../libs/ctype.obj
 .comment       0x0000000000000072       0x13 /mnt/c/os/build/stage2/c/../../libs/math.obj
 .comment       0x0000000000000085       0x13 /mnt/c/os/build/stage2/c/../../libs/memory.obj
 .comment       0x0000000000000098       0x13 /mnt/c/os/build/stage2/c/../../libs/string.obj
 .comment       0x00000000000000ab       0x13 /mnt/c/os/toolchain/i686-elf/bin/../lib/gcc/i686-elf/11.1.0/libgcc.a(_udivdi3.o)
 .comment       0x00000000000000be       0x13 /mnt/c/os/toolchain/i686-elf/bin/../lib/gcc/i686-elf/11.1.0/libgcc.a(_umoddi3.o)

.debug_frame    0x0000000000000000      0xc40
 .debug_frame   0x0000000000000000       0x80 /mnt/c/os/build/stage2/c/disk.obj
 .debug_frame   0x0000000000000080      0x184 /mnt/c/os/build/stage2/c/fat.obj
 .debug_frame   0x0000000000000204       0x2c /mnt/c/os/build/stage2/c/main.obj
 .debug_frame   0x0000000000000230       0x3c /mnt/c/os/build/stage2/c/memdetect.obj
 .debug_frame   0x000000000000026c      0x1c0 /mnt/c/os/build/stage2/c/stdio.obj
 .debug_frame   0x000000000000042c      0x1d4 /mnt/c/os/build/stage2/c/../../libs/ctype.obj
 .debug_frame   0x0000000000000600      0x398 /mnt/c/os/build/stage2/c/../../libs/math.obj
 .debug_frame   0x0000000000000998       0xb4 /mnt/c/os/build/stage2/c/../../libs/memory.obj
 .debug_frame   0x0000000000000a4c      0x1f4 /mnt/c/os/build/stage2/c/../../libs/string.obj

.debug_loclists
                0x0000000000000000      0x9a0
 .debug_loclists
                0x0000000000000000      0x50b /mnt/c/os/toolchain/i686-elf/bin/../lib/gcc/i686-elf/11.1.0/libgcc.a(_udivdi3.o)
 .debug_loclists
                0x000000000000050b      0x495 /mnt/c/os/toolchain/i686-elf/bin/../lib/gcc/i686-elf/11.1.0/libgcc.a(_umoddi3.o)

.debug_rnglists
                0x0000000000000000       0x4a
 .debug_rnglists
                0x0000000000000000       0x2a /mnt/c/os/toolchain/i686-elf/bin/../lib/gcc/i686-elf/11.1.0/libgcc.a(_udivdi3.o)
 .debug_rnglists
                0x000000000000002a       0x20 /mnt/c/os/toolchain/i686-elf/bin/../lib/gcc/i686-elf/11.1.0/libgcc.a(_umoddi3.o)
