Archive member included to satisfy reference by file (symbol)

/mnt/c/os/toolchain/i686-elf/bin/../lib/gcc/i686-elf/11.1.0/libgcc.a(_udivdi3.o)
                              /mnt/c/os/build/stage2/c/stdio.obj (__udivdi3)
/mnt/c/os/toolchain/i686-elf/bin/../lib/gcc/i686-elf/11.1.0/libgcc.a(_umoddi3.o)
                              /mnt/c/os/build/stage2/c/stdio.obj (__umoddi3)

Memory Configuration

Name             Origin             Length             Attributes
*default*        0x0000000000000000 0xffffffffffffffff

Linker script and memory map

LOAD /mnt/c/os/build/stage2/asm/entry.obj
LOAD /mnt/c/os/build/stage2/asm/x86.obj
LOAD /mnt/c/os/build/stage2/c/disk.obj
LOAD /mnt/c/os/build/stage2/c/fat.obj
LOAD /mnt/c/os/build/stage2/c/main.obj
LOAD /mnt/c/os/build/stage2/c/memdetect.obj
LOAD /mnt/c/os/build/stage2/c/stdio.obj
LOAD /mnt/c/os/build/stage2/c/../../libs/ctype.obj
LOAD /mnt/c/os/build/stage2/c/../../libs/math.obj
LOAD /mnt/c/os/build/stage2/c/../../libs/memory.obj
LOAD /mnt/c/os/build/stage2/c/../../libs/string.obj
LOAD /mnt/c/os/toolchain/i686-elf/bin/../lib/gcc/i686-elf/11.1.0/libgcc.a
                0x0000000000000500                phys = 0x500
                0x0000000000000500                . = phys

.entry          0x0000000000000500       0xc0
                0x0000000000000500                __entry_start = .
 *(.entry)
 .entry         0x0000000000000500       0xc0 /mnt/c/os/build/stage2/asm/entry.obj
                0x0000000000000500                entry

.text           0x00000000000005c0     0x3520
                0x00000000000005c0                __text_start = .
 *(.text)
 .text          0x00000000000005c0      0x250 /mnt/c/os/build/stage2/asm/x86.obj
                0x00000000000005c0                x86_outb
                0x00000000000005cb                x86_inb
                0x00000000000005d4                x86_Disk_GetDriveParams
                0x0000000000000697                x86_Disk_Reset
                0x00000000000006e7                x86_Disk_Read
                0x0000000000000765                x86_E820GetNextBlock
 .text          0x0000000000000810      0x1b9 /mnt/c/os/build/stage2/c/disk.obj
                0x0000000000000810                disk_initialize
                0x0000000000000890                disk_lba2chs
                0x000000000000091d                disk_read_sectors
 .text          0x00000000000009c9      0xa1e /mnt/c/os/build/stage2/c/fat.obj
                0x00000000000009c9                FAT_ReadBootSector
                0x00000000000009e6                FAT_ReadFat
                0x0000000000000a1a                FAT_Initialize
                0x0000000000000c4e                FAT_ClusterToLba
                0x0000000000000c6f                FAT_OpenEntry
                0x0000000000000e37                FAT_NextCluster
                0x0000000000000e84                FAT_Read
                0x00000000000010cb                FAT_ReadEntry
                0x00000000000010ec                FAT_Close
                0x000000000000113a                FAT_FindFile
                0x000000000000129a                FAT_Open
 .text          0x00000000000013e7      0x448 /mnt/c/os/build/stage2/c/main.obj
                0x00000000000013e7                copyToFileK
                0x0000000000001479                start
 .text          0x000000000000182f      0x119 /mnt/c/os/build/stage2/c/memdetect.obj
                0x000000000000182f                memory_detect
 .text          0x0000000000001948      0x8ac /mnt/c/os/build/stage2/c/stdio.obj
                0x0000000000001948                putchr
                0x0000000000001977                putcolor
                0x00000000000019a9                getchr
                0x00000000000019cb                getcolor
                0x00000000000019f0                setcursor
                0x0000000000001a61                clrscr
                0x0000000000001aef                scrollback
                0x0000000000001bdd                putc
                0x0000000000001cea                puts
                0x0000000000001d19                printf_unsigned
                0x0000000000001dd2                printf_signed
                0x0000000000001e2f                printf
                0x000000000000215b                print_buffer
 .text          0x00000000000021f4      0x31f /mnt/c/os/build/stage2/c/../../libs/ctype.obj
                0x00000000000021f4                islower
                0x000000000000221d                isupper
                0x0000000000002246                toupper
                0x0000000000002272                isalnum
                0x00000000000022bd                isalpha
                0x00000000000022fc                isblank
                0x0000000000002322                iscntrl
                0x0000000000002337                isdigit
                0x0000000000002360                isgraph
                0x000000000000238c                isprint
                0x00000000000023c8                ispunct
                0x0000000000002436                isspace
                0x0000000000002456                isxdigit
                0x00000000000024e7                tolower
 .text          0x0000000000002513      0xc0b /mnt/c/os/build/stage2/c/../../libs/math.obj
                0x0000000000002513                align
                0x000000000000254a                min
                0x000000000000255f                max
                0x0000000000002574                pow
                0x00000000000025f8                factorial
                0x0000000000002654                acos
                0x00000000000026aa                asin
                0x0000000000002737                atan
                0x000000000000282e                atan2
                0x0000000000002955                cos
                0x00000000000029fa                cosh
                0x0000000000002a92                sin
                0x0000000000002b44                sinh
                0x0000000000002bdc                tan
                0x0000000000002c20                tanh
                0x0000000000002c64                exp
                0x0000000000002cae                frexp
                0x0000000000002d68                ldexp
                0x0000000000002da8                log
                0x0000000000002e5d                log10
                0x0000000000002e93                modf
                0x0000000000002f0c                sqrt
                0x0000000000002fcb                ceil
                0x0000000000003005                fabs
                0x000000000000302e                abs
                0x0000000000003043                floor
                0x0000000000003074                fmod
                0x00000000000030b6                round
 .text          0x000000000000311e      0x1e2 /mnt/c/os/build/stage2/c/../../libs/memory.obj
                0x000000000000311e                memcpy
                0x0000000000003170                memset
                0x00000000000031b3                memcmp
                0x0000000000003213                memchr
                0x0000000000003268                memmove
 .text          0x0000000000003300      0x557 /mnt/c/os/build/stage2/c/../../libs/string.obj
                0x0000000000003300                strchr
                0x000000000000333e                strcpy
                0x0000000000003390                strlen
                0x00000000000033b6                end_of_str
                0x00000000000033dc                strcat
                0x0000000000003432                strncat
                0x000000000000349c                strcmp
                0x0000000000003519                strncmp
                0x00000000000035a3                strncpy
                0x000000000000360a                strcspn
                0x000000000000367b                strerror
                0x000000000000369f                strpbrk
                0x0000000000003710                strrchr
                0x0000000000003765                strspn
                0x00000000000037d0                strstr
 *fill*         0x0000000000003857        0x9 
 .text          0x0000000000003860      0x12a /mnt/c/os/toolchain/i686-elf/bin/../lib/gcc/i686-elf/11.1.0/libgcc.a(_udivdi3.o)
                0x0000000000003860                __udivdi3
 *fill*         0x000000000000398a        0x6 
 .text          0x0000000000003990      0x150 /mnt/c/os/toolchain/i686-elf/bin/../lib/gcc/i686-elf/11.1.0/libgcc.a(_umoddi3.o)
                0x0000000000003990                __umoddi3

.data           0x0000000000003ae0       0x20
                0x0000000000003ae0                __data_start = .
 *(.data)
 .data          0x0000000000003ae0        0x0 /mnt/c/os/build/stage2/c/disk.obj
 .data          0x0000000000003ae0        0x0 /mnt/c/os/build/stage2/c/fat.obj
 .data          0x0000000000003ae0        0x8 /mnt/c/os/build/stage2/c/main.obj
                0x0000000000003ae0                KernelLoadBuffer
                0x0000000000003ae4                Kernel
 .data          0x0000000000003ae8        0x0 /mnt/c/os/build/stage2/c/memdetect.obj
 .data          0x0000000000003ae8        0x4 /mnt/c/os/build/stage2/c/stdio.obj
                0x0000000000003ae8                global_screen_buffer
 .data          0x0000000000003aec        0x0 /mnt/c/os/build/stage2/c/../../libs/ctype.obj
 .data          0x0000000000003aec        0x0 /mnt/c/os/build/stage2/c/../../libs/math.obj
 .data          0x0000000000003aec        0x0 /mnt/c/os/build/stage2/c/../../libs/memory.obj
 .data          0x0000000000003aec       0x14 /mnt/c/os/build/stage2/c/../../libs/string.obj
                0x0000000000003aec                err_msg_strings
 .data          0x0000000000003b00        0x0 /mnt/c/os/toolchain/i686-elf/bin/../lib/gcc/i686-elf/11.1.0/libgcc.a(_udivdi3.o)
 .data          0x0000000000003b00        0x0 /mnt/c/os/toolchain/i686-elf/bin/../lib/gcc/i686-elf/11.1.0/libgcc.a(_umoddi3.o)

.rodata         0x0000000000003b00      0x479
                0x0000000000003b00                __rodata_start = .
 *(.rodata)
 .rodata        0x0000000000003b00       0x60 /mnt/c/os/build/stage2/c/disk.obj
 .rodata        0x0000000000003b60      0x16b /mnt/c/os/build/stage2/c/fat.obj
 *fill*         0x0000000000003ccb        0x1 
 .rodata        0x0000000000003ccc       0xd8 /mnt/c/os/build/stage2/c/main.obj
 .rodata        0x0000000000003da4       0x28 /mnt/c/os/build/stage2/c/memdetect.obj
 .rodata        0x0000000000003dcc       0xd2 /mnt/c/os/build/stage2/c/stdio.obj
                0x0000000000003dcc                SCREEN_WIDTH
                0x0000000000003dd0                SCREEN_HEIGHT
                0x0000000000003dd4                DEFAULT_COLOR
                0x0000000000003dd8                hex_chars
 *fill*         0x0000000000003e9e        0x2 
 .rodata        0x0000000000003ea0       0xac /mnt/c/os/build/stage2/c/../../libs/math.obj
 .rodata        0x0000000000003f4c       0x2d /mnt/c/os/build/stage2/c/../../libs/string.obj

.eh_frame       0x0000000000003f7c       0xd8
 .eh_frame      0x0000000000003f7c       0x64 /mnt/c/os/toolchain/i686-elf/bin/../lib/gcc/i686-elf/11.1.0/libgcc.a(_udivdi3.o)
 .eh_frame      0x0000000000003fe0       0x74 /mnt/c/os/toolchain/i686-elf/bin/../lib/gcc/i686-elf/11.1.0/libgcc.a(_umoddi3.o)

.bss            0x0000000000004060     0x36c0
                0x0000000000004060                __bss_start = .
 *(.bss)
 .bss           0x0000000000004060        0x0 /mnt/c/os/build/stage2/c/disk.obj
 .bss           0x0000000000004060        0xc /mnt/c/os/build/stage2/c/fat.obj
 *fill*         0x000000000000406c       0x14 
 .bss           0x0000000000004080     0x1e7c /mnt/c/os/build/stage2/c/main.obj
                0x0000000000004080                boot_params
 *fill*         0x0000000000005efc        0x4 
 .bss           0x0000000000005f00     0x1804 /mnt/c/os/build/stage2/c/memdetect.obj
                0x0000000000005f00                global_memory_regions
                0x0000000000007700                global_memory_reg_count
 .bss           0x0000000000007704        0x8 /mnt/c/os/build/stage2/c/stdio.obj
                0x0000000000007704                global_screen_x
                0x0000000000007708                global_screen_y
 .bss           0x000000000000770c        0x0 /mnt/c/os/build/stage2/c/../../libs/ctype.obj
 .bss           0x000000000000770c        0x0 /mnt/c/os/build/stage2/c/../../libs/math.obj
 .bss           0x000000000000770c        0x0 /mnt/c/os/build/stage2/c/../../libs/memory.obj
 .bss           0x000000000000770c       0x14 /mnt/c/os/build/stage2/c/../../libs/string.obj
                0x000000000000770c                internal_error_array
 .bss           0x0000000000007720        0x0 /mnt/c/os/toolchain/i686-elf/bin/../lib/gcc/i686-elf/11.1.0/libgcc.a(_udivdi3.o)
 .bss           0x0000000000007720        0x0 /mnt/c/os/toolchain/i686-elf/bin/../lib/gcc/i686-elf/11.1.0/libgcc.a(_umoddi3.o)
                0x0000000000007720                __end = .
OUTPUT(/mnt/c/os/build/stage2.bin binary)

.debug_info     0x0000000000000000     0x33cf
 .debug_info    0x0000000000000000      0x2d5 /mnt/c/os/build/stage2/c/disk.obj
 .debug_info    0x00000000000002d5      0x9c2 /mnt/c/os/build/stage2/c/fat.obj
 .debug_info    0x0000000000000c97      0x691 /mnt/c/os/build/stage2/c/main.obj
 .debug_info    0x0000000000001328      0x21c /mnt/c/os/build/stage2/c/memdetect.obj
 .debug_info    0x0000000000001544      0x54e /mnt/c/os/build/stage2/c/stdio.obj
 .debug_info    0x0000000000001a92      0x29b /mnt/c/os/build/stage2/c/../../libs/ctype.obj
 .debug_info    0x0000000000001d2d      0x73c /mnt/c/os/build/stage2/c/../../libs/math.obj
 .debug_info    0x0000000000002469      0x304 /mnt/c/os/build/stage2/c/../../libs/memory.obj
 .debug_info    0x000000000000276d      0x5f3 /mnt/c/os/build/stage2/c/../../libs/string.obj
 .debug_info    0x0000000000002d60      0x32c /mnt/c/os/toolchain/i686-elf/bin/../lib/gcc/i686-elf/11.1.0/libgcc.a(_udivdi3.o)
 .debug_info    0x000000000000308c      0x343 /mnt/c/os/toolchain/i686-elf/bin/../lib/gcc/i686-elf/11.1.0/libgcc.a(_umoddi3.o)

.debug_abbrev   0x0000000000000000      0xfd1
 .debug_abbrev  0x0000000000000000      0x161 /mnt/c/os/build/stage2/c/disk.obj
 .debug_abbrev  0x0000000000000161      0x265 /mnt/c/os/build/stage2/c/fat.obj
 .debug_abbrev  0x00000000000003c6      0x1bc /mnt/c/os/build/stage2/c/main.obj
 .debug_abbrev  0x0000000000000582      0x118 /mnt/c/os/build/stage2/c/memdetect.obj
 .debug_abbrev  0x000000000000069a      0x1f6 /mnt/c/os/build/stage2/c/stdio.obj
 .debug_abbrev  0x0000000000000890       0x95 /mnt/c/os/build/stage2/c/../../libs/ctype.obj
 .debug_abbrev  0x0000000000000925      0x1be /mnt/c/os/build/stage2/c/../../libs/math.obj
 .debug_abbrev  0x0000000000000ae3       0xeb /mnt/c/os/build/stage2/c/../../libs/memory.obj
 .debug_abbrev  0x0000000000000bce      0x137 /mnt/c/os/build/stage2/c/../../libs/string.obj
 .debug_abbrev  0x0000000000000d05      0x15b /mnt/c/os/toolchain/i686-elf/bin/../lib/gcc/i686-elf/11.1.0/libgcc.a(_udivdi3.o)
 .debug_abbrev  0x0000000000000e60      0x171 /mnt/c/os/toolchain/i686-elf/bin/../lib/gcc/i686-elf/11.1.0/libgcc.a(_umoddi3.o)

.debug_aranges  0x0000000000000000      0x160
 .debug_aranges
                0x0000000000000000       0x20 /mnt/c/os/build/stage2/c/disk.obj
 .debug_aranges
                0x0000000000000020       0x20 /mnt/c/os/build/stage2/c/fat.obj
 .debug_aranges
                0x0000000000000040       0x20 /mnt/c/os/build/stage2/c/main.obj
 .debug_aranges
                0x0000000000000060       0x20 /mnt/c/os/build/stage2/c/memdetect.obj
 .debug_aranges
                0x0000000000000080       0x20 /mnt/c/os/build/stage2/c/stdio.obj
 .debug_aranges
                0x00000000000000a0       0x20 /mnt/c/os/build/stage2/c/../../libs/ctype.obj
 .debug_aranges
                0x00000000000000c0       0x20 /mnt/c/os/build/stage2/c/../../libs/math.obj
 .debug_aranges
                0x00000000000000e0       0x20 /mnt/c/os/build/stage2/c/../../libs/memory.obj
 .debug_aranges
                0x0000000000000100       0x20 /mnt/c/os/build/stage2/c/../../libs/string.obj
 .debug_aranges
                0x0000000000000120       0x20 /mnt/c/os/toolchain/i686-elf/bin/../lib/gcc/i686-elf/11.1.0/libgcc.a(_udivdi3.o)
 .debug_aranges
                0x0000000000000140       0x20 /mnt/c/os/toolchain/i686-elf/bin/../lib/gcc/i686-elf/11.1.0/libgcc.a(_umoddi3.o)

.debug_line     0x0000000000000000     0x1c73
 .debug_line    0x0000000000000000       0xfb /mnt/c/os/build/stage2/c/disk.obj
 .debug_line    0x00000000000000fb      0x4be /mnt/c/os/build/stage2/c/fat.obj
 .debug_line    0x00000000000005b9      0x20d /mnt/c/os/build/stage2/c/main.obj
 .debug_line    0x00000000000007c6       0xbe /mnt/c/os/build/stage2/c/memdetect.obj
 .debug_line    0x0000000000000884      0x3de /mnt/c/os/build/stage2/c/stdio.obj
 .debug_line    0x0000000000000c62      0x27b /mnt/c/os/build/stage2/c/../../libs/ctype.obj
 .debug_line    0x0000000000000edd      0x552 /mnt/c/os/build/stage2/c/../../libs/math.obj
 .debug_line    0x000000000000142f      0x1b7 /mnt/c/os/build/stage2/c/../../libs/memory.obj
 .debug_line    0x00000000000015e6      0x33f /mnt/c/os/build/stage2/c/../../libs/string.obj
 .debug_line    0x0000000000001925      0x179 /mnt/c/os/toolchain/i686-elf/bin/../lib/gcc/i686-elf/11.1.0/libgcc.a(_udivdi3.o)
 .debug_line    0x0000000000001a9e      0x1d5 /mnt/c/os/toolchain/i686-elf/bin/../lib/gcc/i686-elf/11.1.0/libgcc.a(_umoddi3.o)

.debug_str      0x0000000000000000     0x19d2
 .debug_str     0x0000000000000000      0x1cf /mnt/c/os/build/stage2/c/disk.obj
 .debug_str     0x00000000000001cf      0x607 /mnt/c/os/build/stage2/c/fat.obj
 .debug_str     0x00000000000007d6      0x3cf /mnt/c/os/build/stage2/c/main.obj
 .debug_str     0x0000000000000ba5      0x1b5 /mnt/c/os/build/stage2/c/memdetect.obj
 .debug_str     0x0000000000000d5a      0x260 /mnt/c/os/build/stage2/c/stdio.obj
 .debug_str     0x0000000000000fba      0x14b /mnt/c/os/build/stage2/c/../../libs/ctype.obj
 .debug_str     0x0000000000001105      0x1cd /mnt/c/os/build/stage2/c/../../libs/math.obj
 .debug_str     0x00000000000012d2      0x147 /mnt/c/os/build/stage2/c/../../libs/memory.obj
 .debug_str     0x0000000000001419      0x1f3 /mnt/c/os/build/stage2/c/../../libs/string.obj
 .debug_str     0x000000000000160c      0x1e3 /mnt/c/os/toolchain/i686-elf/bin/../lib/gcc/i686-elf/11.1.0/libgcc.a(_udivdi3.o)
 .debug_str     0x00000000000017ef      0x1e3 /mnt/c/os/toolchain/i686-elf/bin/../lib/gcc/i686-elf/11.1.0/libgcc.a(_umoddi3.o)

.debug_line_str
                0x0000000000000000      0x89e
 .debug_line_str
                0x0000000000000000       0xb4 /mnt/c/os/build/stage2/c/disk.obj
 .debug_line_str
                0x00000000000000b4       0xdd /mnt/c/os/build/stage2/c/fat.obj
 .debug_line_str
                0x0000000000000191      0x106 /mnt/c/os/build/stage2/c/main.obj
 .debug_line_str
                0x0000000000000297       0xda /mnt/c/os/build/stage2/c/memdetect.obj
 .debug_line_str
                0x0000000000000371       0xb1 /mnt/c/os/build/stage2/c/stdio.obj
 .debug_line_str
                0x0000000000000422       0x79 /mnt/c/os/build/stage2/c/../../libs/ctype.obj
 .debug_line_str
                0x000000000000049b       0xc0 /mnt/c/os/build/stage2/c/../../libs/math.obj
 .debug_line_str
                0x000000000000055b       0xcf /mnt/c/os/build/stage2/c/../../libs/memory.obj
 .debug_line_str
                0x000000000000062a       0xd6 /mnt/c/os/build/stage2/c/../../libs/string.obj
 .debug_line_str
                0x0000000000000700       0xcf /mnt/c/os/toolchain/i686-elf/bin/../lib/gcc/i686-elf/11.1.0/libgcc.a(_udivdi3.o)
 .debug_line_str
                0x00000000000007cf       0xcf /mnt/c/os/toolchain/i686-elf/bin/../lib/gcc/i686-elf/11.1.0/libgcc.a(_umoddi3.o)

.comment        0x0000000000000000       0xd1
 .comment       0x0000000000000000       0x13 /mnt/c/os/build/stage2/c/disk.obj
 .comment       0x0000000000000013       0x13 /mnt/c/os/build/stage2/c/fat.obj
 .comment       0x0000000000000026       0x13 /mnt/c/os/build/stage2/c/main.obj
 .comment       0x0000000000000039       0x13 /mnt/c/os/build/stage2/c/memdetect.obj
 .comment       0x000000000000004c       0x13 /mnt/c/os/build/stage2/c/stdio.obj
 .comment       0x000000000000005f       0x13 /mnt/c/os/build/stage2/c/../../libs/ctype.obj
 .comment       0x0000000000000072       0x13 /mnt/c/os/build/stage2/c/../../libs/math.obj
 .comment       0x0000000000000085       0x13 /mnt/c/os/build/stage2/c/../../libs/memory.obj
 .comment       0x0000000000000098       0x13 /mnt/c/os/build/stage2/c/../../libs/string.obj
 .comment       0x00000000000000ab       0x13 /mnt/c/os/toolchain/i686-elf/bin/../lib/gcc/i686-elf/11.1.0/libgcc.a(_udivdi3.o)
 .comment       0x00000000000000be       0x13 /mnt/c/os/toolchain/i686-elf/bin/../lib/gcc/i686-elf/11.1.0/libgcc.a(_umoddi3.o)

.debug_frame    0x0000000000000000      0xc74
 .debug_frame   0x0000000000000000       0x80 /mnt/c/os/build/stage2/c/disk.obj
 .debug_frame   0x0000000000000080      0x184 /mnt/c/os/build/stage2/c/fat.obj
 .debug_frame   0x0000000000000204       0x60 /mnt/c/os/build/stage2/c/main.obj
 .debug_frame   0x0000000000000264       0x3c /mnt/c/os/build/stage2/c/memdetect.obj
 .debug_frame   0x00000000000002a0      0x1c0 /mnt/c/os/build/stage2/c/stdio.obj
 .debug_frame   0x0000000000000460      0x1d4 /mnt/c/os/build/stage2/c/../../libs/ctype.obj
 .debug_frame   0x0000000000000634      0x398 /mnt/c/os/build/stage2/c/../../libs/math.obj
 .debug_frame   0x00000000000009cc       0xb4 /mnt/c/os/build/stage2/c/../../libs/memory.obj
 .debug_frame   0x0000000000000a80      0x1f4 /mnt/c/os/build/stage2/c/../../libs/string.obj

.debug_loclists
                0x0000000000000000      0x9a0
 .debug_loclists
                0x0000000000000000      0x50b /mnt/c/os/toolchain/i686-elf/bin/../lib/gcc/i686-elf/11.1.0/libgcc.a(_udivdi3.o)
 .debug_loclists
                0x000000000000050b      0x495 /mnt/c/os/toolchain/i686-elf/bin/../lib/gcc/i686-elf/11.1.0/libgcc.a(_umoddi3.o)

.debug_rnglists
                0x0000000000000000       0x4a
 .debug_rnglists
                0x0000000000000000       0x2a /mnt/c/os/toolchain/i686-elf/bin/../lib/gcc/i686-elf/11.1.0/libgcc.a(_udivdi3.o)
 .debug_rnglists
                0x000000000000002a       0x20 /mnt/c/os/toolchain/i686-elf/bin/../lib/gcc/i686-elf/11.1.0/libgcc.a(_umoddi3.o)
